Archive member included to satisfy reference by file (symbol)

c:/program files (x86)/atmel/studio/7.0/toolchain/arm/arm-gnu-toolchain/bin/../lib/gcc/arm-none-eabi/6.3.1/../../../../arm-none-eabi/lib/thumb/v7e-m\libc_nano.a(lib_a-exit.o)
                              c:/program files (x86)/atmel/studio/7.0/toolchain/arm/arm-gnu-toolchain/bin/../lib/gcc/arm-none-eabi/6.3.1/../../../../arm-none-eabi/lib/thumb/v7e-m/crt0.o (exit)
c:/program files (x86)/atmel/studio/7.0/toolchain/arm/arm-gnu-toolchain/bin/../lib/gcc/arm-none-eabi/6.3.1/../../../../arm-none-eabi/lib/thumb/v7e-m\libc_nano.a(lib_a-impure.o)
                              c:/program files (x86)/atmel/studio/7.0/toolchain/arm/arm-gnu-toolchain/bin/../lib/gcc/arm-none-eabi/6.3.1/../../../../arm-none-eabi/lib/thumb/v7e-m\libc_nano.a(lib_a-exit.o) (_global_impure_ptr)
c:/program files (x86)/atmel/studio/7.0/toolchain/arm/arm-gnu-toolchain/bin/../lib/gcc/arm-none-eabi/6.3.1/../../../../arm-none-eabi/lib/thumb/v7e-m\libc_nano.a(lib_a-init.o)
                              c:/program files (x86)/atmel/studio/7.0/toolchain/arm/arm-gnu-toolchain/bin/../lib/gcc/arm-none-eabi/6.3.1/../../../../arm-none-eabi/lib/thumb/v7e-m/crt0.o (__libc_init_array)
c:/program files (x86)/atmel/studio/7.0/toolchain/arm/arm-gnu-toolchain/bin/../lib/gcc/arm-none-eabi/6.3.1/../../../../arm-none-eabi/lib/thumb/v7e-m\libc_nano.a(lib_a-memcpy-stub.o)
                              hpl/mcan/hpl_mcan.o (memcpy)
c:/program files (x86)/atmel/studio/7.0/toolchain/arm/arm-gnu-toolchain/bin/../lib/gcc/arm-none-eabi/6.3.1/../../../../arm-none-eabi/lib/thumb/v7e-m\libc_nano.a(lib_a-memset.o)
                              c:/program files (x86)/atmel/studio/7.0/toolchain/arm/arm-gnu-toolchain/bin/../lib/gcc/arm-none-eabi/6.3.1/../../../../arm-none-eabi/lib/thumb/v7e-m/crt0.o (memset)
c:/program files (x86)/atmel/studio/7.0/toolchain/arm/arm-gnu-toolchain/bin/../lib/gcc/arm-none-eabi/6.3.1/../../../../arm-none-eabi/lib/thumb/v7e-m\libc_nano.a(lib_a-nano-vfprintf_float.o)
                              (_printf_float)
c:/program files (x86)/atmel/studio/7.0/toolchain/arm/arm-gnu-toolchain/bin/../lib/gcc/arm-none-eabi/6.3.1/../../../../arm-none-eabi/lib/thumb/v7e-m\libc_nano.a(lib_a-nano-vfprintf_i.o)
                              c:/program files (x86)/atmel/studio/7.0/toolchain/arm/arm-gnu-toolchain/bin/../lib/gcc/arm-none-eabi/6.3.1/../../../../arm-none-eabi/lib/thumb/v7e-m\libc_nano.a(lib_a-nano-vfprintf_float.o) (_printf_common)
c:/program files (x86)/atmel/studio/7.0/toolchain/arm/arm-gnu-toolchain/bin/../lib/gcc/arm-none-eabi/6.3.1/../../../../arm-none-eabi/lib/thumb/v7e-m\libc_nano.a(lib_a-printf.o)
                              hal/utils/src/utils_syscalls.o (iprintf)
c:/program files (x86)/atmel/studio/7.0/toolchain/arm/arm-gnu-toolchain/bin/../lib/gcc/arm-none-eabi/6.3.1/../../../../arm-none-eabi/lib/thumb/v7e-m\libc_nano.a(lib_a-setbuf.o)
                              stdio_redirect/stdio_io.o (setbuf)
c:/program files (x86)/atmel/studio/7.0/toolchain/arm/arm-gnu-toolchain/bin/../lib/gcc/arm-none-eabi/6.3.1/../../../../arm-none-eabi/lib/thumb/v7e-m\libc_nano.a(lib_a-setvbuf.o)
                              c:/program files (x86)/atmel/studio/7.0/toolchain/arm/arm-gnu-toolchain/bin/../lib/gcc/arm-none-eabi/6.3.1/../../../../arm-none-eabi/lib/thumb/v7e-m\libc_nano.a(lib_a-setbuf.o) (setvbuf)
c:/program files (x86)/atmel/studio/7.0/toolchain/arm/arm-gnu-toolchain/bin/../lib/gcc/arm-none-eabi/6.3.1/../../../../arm-none-eabi/lib/thumb/v7e-m\libc_nano.a(lib_a-strlen.o)
                              c:/program files (x86)/atmel/studio/7.0/toolchain/arm/arm-gnu-toolchain/bin/../lib/gcc/arm-none-eabi/6.3.1/../../../../arm-none-eabi/lib/thumb/v7e-m\libc_nano.a(lib_a-nano-vfprintf_float.o) (strlen)
c:/program files (x86)/atmel/studio/7.0/toolchain/arm/arm-gnu-toolchain/bin/../lib/gcc/arm-none-eabi/6.3.1/../../../../arm-none-eabi/lib/thumb/v7e-m\libc_nano.a(lib_a-dtoa.o)
                              c:/program files (x86)/atmel/studio/7.0/toolchain/arm/arm-gnu-toolchain/bin/../lib/gcc/arm-none-eabi/6.3.1/../../../../arm-none-eabi/lib/thumb/v7e-m\libc_nano.a(lib_a-nano-vfprintf_float.o) (_dtoa_r)
c:/program files (x86)/atmel/studio/7.0/toolchain/arm/arm-gnu-toolchain/bin/../lib/gcc/arm-none-eabi/6.3.1/../../../../arm-none-eabi/lib/thumb/v7e-m\libc_nano.a(lib_a-fflush.o)
                              c:/program files (x86)/atmel/studio/7.0/toolchain/arm/arm-gnu-toolchain/bin/../lib/gcc/arm-none-eabi/6.3.1/../../../../arm-none-eabi/lib/thumb/v7e-m\libc_nano.a(lib_a-setvbuf.o) (_fflush_r)
c:/program files (x86)/atmel/studio/7.0/toolchain/arm/arm-gnu-toolchain/bin/../lib/gcc/arm-none-eabi/6.3.1/../../../../arm-none-eabi/lib/thumb/v7e-m\libc_nano.a(lib_a-findfp.o)
                              c:/program files (x86)/atmel/studio/7.0/toolchain/arm/arm-gnu-toolchain/bin/../lib/gcc/arm-none-eabi/6.3.1/../../../../arm-none-eabi/lib/thumb/v7e-m\libc_nano.a(lib_a-printf.o) (__sinit)
[...]
Memory Configuration

Name             Origin             Length             Attributes
rom              0x00400000         0x00200000         xr
ram              0x20400000         0x00060000         xrw
*default*        0x00000000         0xffffffff

Linker script and memory map

LOAD c:/program files (x86)/atmel/studio/7.0/toolchain/arm/arm-gnu-toolchain/bin/../lib/gcc/arm-none-eabi/6.3.1/thumb/v7e-m/crti.o
LOAD c:/program files (x86)/atmel/studio/7.0/toolchain/arm/arm-gnu-toolchain/bin/../lib/gcc/arm-none-eabi/6.3.1/thumb/v7e-m/crtbegin.o
LOAD c:/program files (x86)/atmel/studio/7.0/toolchain/arm/arm-gnu-toolchain/bin/../lib/gcc/arm-none-eabi/6.3.1/../../../../arm-none-eabi/lib/thumb/v7e-m/crt0.o
LOAD atmel_start.o
LOAD Device_Startup/startup_same70q21b.o
LOAD Device_Startup/system_same70q21b.o
LOAD driver_init.o
LOAD examples/driver_examples.o
LOAD hal/src/hal_adc_sync.o
LOAD hal/src/hal_atomic.o
LOAD hal/src/hal_can_async.o
LOAD hal/src/hal_delay.o
LOAD hal/src/hal_ext_irq.o
LOAD hal/src/hal_gpio.o
LOAD hal/src/hal_init.o
LOAD hal/src/hal_io.o
LOAD hal/src/hal_pwm.o
LOAD hal/src/hal_sleep.o
LOAD hal/src/hal_usart_sync.o
LOAD hal/utils/src/utils_assert.o
LOAD hal/utils/src/utils_event.o
LOAD hal/utils/src/utils_list.o
LOAD hal/utils/src/utils_ringbuffer.o
LOAD hal/utils/src/utils_syscalls.o
LOAD hpl/afec/hpl_afec.o
LOAD hpl/core/hpl_core_m7_base.o
LOAD hpl/core/hpl_init.o
LOAD hpl/mcan/hpl_mcan.o
LOAD hpl/pio/hpl_pio_ext.o
LOAD hpl/pmc/hpl_pmc.o
LOAD hpl/pmc/hpl_sleep.o
LOAD hpl/pwm/hpl_pwm.o
LOAD hpl/systick/hpl_systick_ARMv7_base.o
LOAD hpl/usart/hpl_usart.o
LOAD hpl/xdmac/hpl_xdmac.o
LOAD main.o
LOAD stdio_redirect/gcc/read.o
LOAD stdio_redirect/gcc/write.o
LOAD stdio_redirect/stdio_io.o
LOAD stdio_start.o
START GROUP
LOAD c:/program files (x86)/atmel/studio/7.0/toolchain/arm/arm-gnu-toolchain/bin/../lib/gcc/arm-none-eabi/6.3.1/../../../../arm-none-eabi/lib/thumb/v7e-m\libm.a
LOAD ../../Lib\libarm_cortexM7l_math.a
END GROUP
START GROUP
LOAD c:/program files (x86)/atmel/studio/7.0/toolchain/arm/arm-gnu-toolchain/bin/../lib/gcc/arm-none-eabi/6.3.1/thumb/v7e-m\libgcc.a
LOAD c:/program files (x86)/atmel/studio/7.0/toolchain/arm/arm-gnu-toolchain/bin/../lib/gcc/arm-none-eabi/6.3.1/../../../../arm-none-eabi/lib/thumb/v7e-m\libc_nano.a
END GROUP
START GROUP
LOAD c:/program files (x86)/atmel/studio/7.0/toolchain/arm/arm-gnu-toolchain/bin/../lib/gcc/arm-none-eabi/6.3.1/thumb/v7e-m\libgcc.a
LOAD c:/program files (x86)/atmel/studio/7.0/toolchain/arm/arm-gnu-toolchain/bin/../lib/gcc/arm-none-eabi/6.3.1/../../../../arm-none-eabi/lib/thumb/v7e-m\libc_nano.a
END GROUP
LOAD c:/program files (x86)/atmel/studio/7.0/toolchain/arm/arm-gnu-toolchain/bin/../lib/gcc/arm-none-eabi/6.3.1/thumb/v7e-m/crtend.o
LOAD c:/program files (x86)/atmel/studio/7.0/toolchain/arm/arm-gnu-toolchain/bin/../lib/gcc/arm-none-eabi/6.3.1/thumb/v7e-m/crtn.o
                0x00000400                STACK_SIZE = DEFINED (STACK_SIZE)?STACK_SIZE:DEFINED (__stack_size__)?__stack_size__:0x400
                0x00000200                HEAP_SIZE = DEFINED (HEAP_SIZE)?HEAP_SIZE:DEFINED (__heap_size__)?__heap_size__:0x200

.text           0x00400000     0x4b80
                0x00400000                . = ALIGN (0x4)
                0x00400000                _sfixed = .
 *(.vectors .vectors.*)
 .vectors       0x00400000      0x168 Device_Startup/startup_same70q21b.o
                0x00400000                exception_table
 *(.text .text.* .gnu.linkonce.t.*)
 .text          0x00400168       0x6c c:/program files (x86)/atmel/studio/7.0/toolchain/arm/arm-gnu-toolchain/bin/../lib/gcc/arm-none-eabi/6.3.1/thumb/v7e-m/crtbegin.o
 .text.atmel_start_init
                0x004001d4       0x14 atmel_start.o
                0x004001d4                atmel_start_init
 .text.Dummy_Handler
                0x004001e8        0x2 Device_Startup/startup_same70q21b.o
                0x004001e8                DACC_Handler
                0x004001e8                SVCall_Handler
                0x004001e8                UART3_Handler
                0x004001e8                UART2_Handler
                0x004001e8                TRNG_Handler
                0x004001e8                HardFault_Handler
                0x004001e8                TC2_Handler
                0x004001e8                SysTick_Handler
                0x004001e8                AFEC1_Handler
                0x004001e8                PendSV_Handler
                0x004001e8                TC7_Handler
                0x004001e8                QSPI_Handler
                0x004001e8                NonMaskableInt_Handler
                0x004001e8                ISI_Handler
                0x004001e8                MCAN0_INT0_Handler
                0x004001e8                TC9_Handler
                0x004001e8                RSWDT_Handler
                0x004001e8                USART0_Handler
                0x004001e8                RTT_Handler
                0x004001e8                USBHS_Handler
                0x004001e8                IXC_Handler
                0x004001e8                CCF_Handler
                0x004001e8                PIOB_Handler
                0x004001e8                RTC_Handler
                0x004001e8                UsageFault_Handler
                0x004001e8                TC6_Handler
                0x004001e8                WDT_Handler
                0x004001e8                MCAN1_INT1_Handler
                0x004001e8                TC4_Handler
                0x004001e8                TC1_Handler
                0x004001e8                HSMCI_Handler
                0x004001e8                UART1_Handler
                0x004001e8                TC3_Handler
                0x004001e8                Dummy_Handler
                0x004001e8                TWIHS1_Handler
                0x004001e8                XDMAC_Handler
                0x004001e8                UART4_Handler
                0x004001e8                USART1_Handler
                0x004001e8                AFEC0_Handler
                0x004001e8                CCW_Handler
                0x004001e8                SSC_Handler
                0x004001e8                TC11_Handler
                0x004001e8                ACC_Handler
                0x004001e8                PMC_Handler
                0x004001e8                GMAC_Handler
                0x004001e8                MCAN0_INT1_Handler
                0x004001e8                GMAC_Q5_Handler
                0x004001e8                SUPC_Handler
                0x004001e8                TC8_Handler
                0x004001e8                EFC_Handler
                0x004001e8                GMAC_Q1_Handler
                0x004001e8                USART2_Handler
                0x004001e8                SDRAMC_Handler
                0x004001e8                GMAC_Q2_Handler
                0x004001e8                PIOE_Handler
                0x004001e8                SPI1_Handler
                0x004001e8                TC10_Handler
                0x004001e8                GMAC_Q3_Handler
                0x004001e8                TWIHS2_Handler
                0x004001e8                I2SC0_Handler
                0x004001e8                UART0_Handler
                0x004001e8                I2SC1_Handler
                0x004001e8                PIOC_Handler
                0x004001e8                GMAC_Q4_Handler
                0x004001e8                FPU_Handler
                0x004001e8                BusFault_Handler
                0x004001e8                RSTC_Handler
                0x004001e8                TC0_Handler
                0x004001e8                MemoryManagement_Handler
                0x004001e8                DebugMonitor_Handler
                0x004001e8                TC5_Handler
                0x004001e8                ICM_Handler
                0x004001e8                AES_Handler
                0x004001e8                TWIHS0_Handler
                0x004001e8                SPI0_Handler
 *fill*         0x004001ea        0x2 
 .text.Reset_Handler
                0x004001ec       0x68 Device_Startup/startup_same70q21b.o
                0x004001ec                Reset_Handler
 .text.ADC_0_PORT_init
                0x00400254       0x30 driver_init.o
                0x00400254                ADC_0_PORT_init
 .text.ADC_0_CLOCK_init
                0x00400284       0x18 driver_init.o
                0x00400284                ADC_0_CLOCK_init
 .text.ADC_0_init
                0x0040029c       0x2c driver_init.o
                0x0040029c                ADC_0_init
 .text.ADC_1_PORT_init
                0x004002c8       0x24 driver_init.o
                0x004002c8                ADC_1_PORT_init
 .text.ADC_1_CLOCK_init
                0x004002ec       0x1c driver_init.o
                0x004002ec                ADC_1_CLOCK_init
 .text.ADC_1_init
                0x00400308       0x2c driver_init.o
                0x00400308                ADC_1_init
 .text.EXTERNAL_IRQ_D_init
                0x00400334       0x18 driver_init.o
                0x00400334                EXTERNAL_IRQ_D_init
 .text.EXTERNAL_IRQ_A_init
                0x0040034c       0x20 driver_init.o
                0x0040034c                EXTERNAL_IRQ_A_init
 .text.PWM_0_PORT_init
                0x0040036c       0x60 driver_init.o
                0x0040036c                PWM_0_PORT_init
 .text.PWM_0_CLOCK_init
                0x004003cc       0x18 driver_init.o
                0x004003cc                PWM_0_CLOCK_init
 .text.PWM_0_init
                0x004003e4       0x34 driver_init.o
                0x004003e4                PWM_0_init
 .text.PWM_1_PORT_init
                0x00400418       0x38 driver_init.o
                0x00400418                PWM_1_PORT_init
 .text.PWM_1_CLOCK_init
                0x00400450       0x1c driver_init.o
                0x00400450                PWM_1_CLOCK_init
 .text.PWM_1_init
                0x0040046c       0x34 driver_init.o
                0x0040046c                PWM_1_init
 .text.delay_driver_init
                0x004004a0       0x14 driver_init.o
                0x004004a0                delay_driver_init
 .text.EDBG_COM_PORT_init
                0x004004b4       0x4c driver_init.o
                0x004004b4                EDBG_COM_PORT_init
 .text.EDBG_COM_CLOCK_init
                0x00400500       0x18 driver_init.o
                0x00400500                EDBG_COM_CLOCK_init
 .text.EDBG_COM_init
                0x00400518       0x34 driver_init.o
                0x00400518                EDBG_COM_init
 .text.system_init
                0x0040054c      0x100 driver_init.o
                0x0040054c                system_init
 .text.adc_sync_init
                0x0040064c       0x30 hal/src/hal_adc_sync.o
                0x0040064c                adc_sync_init
 .text.atomic_enter_critical
                0x0040067c        0xe hal/src/hal_atomic.o
                0x0040067c                atomic_enter_critical
 .text.atomic_leave_critical
                0x0040068a        0xc hal/src/hal_atomic.o
                0x0040068a                atomic_leave_critical
 *fill*         0x00400696        0x2 
 .text.delay_init
                0x00400698       0x14 hal/src/hal_delay.o
                0x00400698                delay_init
 .text.delay_ms
                0x004006ac       0x20 hal/src/hal_delay.o
                0x004006ac                delay_ms
 .text.process_ext_irq
                0x004006cc       0x44 hal/src/hal_ext_irq.o
 .text.ext_irq_init
                0x00400710       0x34 hal/src/hal_ext_irq.o
                0x00400710                ext_irq_init
 .text.io_write
                0x00400744       0x30 hal/src/hal_io.o
                0x00400744                io_write
 .text.io_read  0x00400774       0x30 hal/src/hal_io.o
                0x00400774                io_read
 .text.pwm_period_expired
                0x004007a4        0xa hal/src/hal_pwm.o
 .text.pwm_detect_fault
                0x004007ae        0xa hal/src/hal_pwm.o
 .text.pwm_init
                0x004007b8       0x44 hal/src/hal_pwm.o
                0x004007b8                pwm_init
 .text.usart_sync_write
                0x004007fc       0x70 hal/src/hal_usart_sync.o
 .text.usart_sync_read
                0x0040086c       0x60 hal/src/hal_usart_sync.o
 .text.usart_sync_init
                0x004008cc       0x48 hal/src/hal_usart_sync.o
                0x004008cc                usart_sync_init
 .text.usart_sync_enable
                0x00400914       0x2c hal/src/hal_usart_sync.o
                0x00400914                usart_sync_enable
 .text.assert   0x00400940        0x6 hal/utils/src/utils_assert.o
                0x00400940                assert
 *fill*         0x00400946        0x2 
 .text._sbrk    0x00400948       0x24 hal/utils/src/utils_syscalls.o
                0x00400948                _sbrk
 .text._close   0x0040096c        0x6 hal/utils/src/utils_syscalls.o
                0x0040096c                _close
 .text._fstat   0x00400972        0xa hal/utils/src/utils_syscalls.o
                0x00400972                _fstat
 .text._isatty  0x0040097c        0x4 hal/utils/src/utils_syscalls.o
                0x0040097c                _isatty
 .text._lseek   0x00400980        0x4 hal/utils/src/utils_syscalls.o
                0x00400980                _lseek
 .text._afec_init
                0x00400984       0x7c hpl/afec/hpl_afec.o
 .text._afec_get_hardware_index
                0x00400a00       0x34 hpl/afec/hpl_afec.o
 .text._afec_get_regs
                0x00400a34       0x30 hpl/afec/hpl_afec.o
 .text._adc_sync_init
                0x00400a64       0x38 hpl/afec/hpl_afec.o
                0x00400a64                _adc_sync_init
 .text._get_cycles_for_ms
                0x00400a9c       0x12 hpl/core/hpl_core_m7_base.o
                0x00400a9c                _get_cycles_for_ms
 *fill*         0x00400aae        0x2 
 .text._init_chip
                0x00400ab0       0x54 hpl/core/hpl_init.o
                0x00400ab0                _init_chip
 .text._can_irq_handler
                0x00400b04       0x74 hpl/mcan/hpl_mcan.o
 .text.MCAN1_INT0_Handler
                0x00400b78       0x14 hpl/mcan/hpl_mcan.o
                0x00400b78                MCAN1_INT0_Handler
 .text._ffs     0x00400b8c       0x30 hpl/pio/hpl_pio_ext.o
 .text._ext_irq_handler
                0x00400bbc       0xb0 hpl/pio/hpl_pio_ext.o
 .text._pio_get_hardware_index
                0x00400c6c       0x28 hpl/pio/hpl_pio_ext.o
 .text._pio_get_index
                0x00400c94       0x4c hpl/pio/hpl_pio_ext.o
 .text._pio_init
                0x00400ce0       0xc8 hpl/pio/hpl_pio_ext.o
 .text.PIOD_Handler
                0x00400da8        0xc hpl/pio/hpl_pio_ext.o
                0x00400da8                PIOD_Handler
 .text.PIOA_Handler
                0x00400db4        0xc hpl/pio/hpl_pio_ext.o
                0x00400db4                PIOA_Handler
 .text._ext_irq_init
                0x00400dc0       0x28 hpl/pio/hpl_pio_ext.o
                0x00400dc0                _ext_irq_init
 .text._pmc_init_sources
                0x00400de8       0x50 hpl/pmc/hpl_pmc.o
 .text._pmc_init_master_clock
                0x00400e38       0x4c hpl/pmc/hpl_pmc.o
 .text._pmc_init
                0x00400e84       0x14 hpl/pmc/hpl_pmc.o
                0x00400e84                _pmc_init
 .text._pwm_get_cfg
                0x00400e98       0x30 hpl/pwm/hpl_pwm.o
 .text._pwm_init_irq_param
                0x00400ec8       0x28 hpl/pwm/hpl_pwm.o
 .text._pwm_interrupt_handler
                0x00400ef0       0x10 hpl/pwm/hpl_pwm.o
 .text.PWM0_Handler
                0x00400f00       0x14 hpl/pwm/hpl_pwm.o
                0x00400f00                PWM0_Handler
 .text.PWM1_Handler
                0x00400f14       0x14 hpl/pwm/hpl_pwm.o
                0x00400f14                PWM1_Handler
 .text._pwm_init
                0x00400f28      0x138 hpl/pwm/hpl_pwm.o
                0x00400f28                _pwm_init
 .text._pwm_get_pwm
                0x00401060        0x4 hpl/pwm/hpl_pwm.o
                0x00401060                _pwm_get_pwm
 .text._system_time_init
                0x00401064       0x14 hpl/systick/hpl_systick_ARMv7_base.o
                0x00401064                _system_time_init
 .text._delay_init
                0x00401078        0xc hpl/systick/hpl_systick_ARMv7_base.o
                0x00401078                _delay_init
 .text._delay_cycles
                0x00401084       0x40 hpl/systick/hpl_systick_ARMv7_base.o
                0x00401084                _delay_cycles
 .text._usart_get_hardware_index
                0x004010c4       0x2c hpl/usart/hpl_usart.o
 .text._get_usart_index
                0x004010f0       0x54 hpl/usart/hpl_usart.o
 .text._usart_init
                0x00401144       0x68 hpl/usart/hpl_usart.o
 .text._usart_sync_init
                0x004011ac       0x38 hpl/usart/hpl_usart.o
                0x004011ac                _usart_sync_init
 .text._usart_sync_enable
                0x004011e4       0x34 hpl/usart/hpl_usart.o
                0x004011e4                _usart_sync_enable
 .text._usart_sync_write_byte
                0x00401218       0x24 hpl/usart/hpl_usart.o
                0x00401218                _usart_sync_write_byte
 .text._usart_sync_read_byte
                0x0040123c       0x24 hpl/usart/hpl_usart.o
                0x0040123c                _usart_sync_read_byte
 .text._usart_sync_is_ready_to_send
                0x00401260       0x28 hpl/usart/hpl_usart.o
                0x00401260                _usart_sync_is_ready_to_send
 .text._usart_sync_is_transmit_done
                0x00401288       0x28 hpl/usart/hpl_usart.o
                0x00401288                _usart_sync_is_transmit_done
 .text._usart_sync_is_byte_received
                0x004012b0       0x28 hpl/usart/hpl_usart.o
                0x004012b0                _usart_sync_is_byte_received
 .text._usart_get_usart_sync
                0x004012d8        0x4 hpl/usart/hpl_usart.o
                0x004012d8                _usart_get_usart_sync
 .text.main     0x004012dc       0x3c main.o
                0x004012dc                main
 .text._read    0x00401318       0x24 stdio_redirect/gcc/read.o
                0x00401318                _read
 .text._write   0x0040133c       0x28 stdio_redirect/gcc/write.o
                0x0040133c                _write
 .text.stdio_io_init
                0x00401364       0x2c stdio_redirect/stdio_io.o
                0x00401364                stdio_io_init
 .text.stdio_io_read
                0x00401390       0x24 stdio_redirect/stdio_io.o
                0x00401390                stdio_io_read
 .text.stdio_io_write
                0x004013b4       0x24 stdio_redirect/stdio_io.o
                0x004013b4                stdio_io_write
 .text.stdio_redirect_init
                0x004013d8       0x20 stdio_start.o
                0x004013d8                stdio_redirect_init
 .text.__libc_init_array
                0x004013f8       0x48 c:/program files (x86)/atmel/studio/7.0/toolchain/arm/arm-gnu-toolchain/bin/../lib/gcc/arm-none-eabi/6.3.1/../../../../arm-none-eabi/lib/thumb/v7e-m\libc_nano.a(lib_a-init.o)
                0x004013f8                __libc_init_array
 .text.memcpy   0x00401440       0x16 c:/program files (x86)/atmel/studio/7.0/toolchain/arm/arm-gnu-toolchain/bin/../lib/gcc/arm-none-eabi/6.3.1/../../../../arm-none-eabi/lib/thumb/v7e-m\libc_nano.a(lib_a-memcpy-stub.o)
                0x00401440                memcpy
 .text.memset   0x00401456       0x10 c:/program files (x86)/atmel/studio/7.0/toolchain/arm/arm-gnu-toolchain/bin/../lib/gcc/arm-none-eabi/6.3.1/../../../../arm-none-eabi/lib/thumb/v7e-m\libc_nano.a(lib_a-memset.o)
                0x00401456                memset
 .text.__cvt    0x00401466       0xb8 c:/program files (x86)/atmel/studio/7.0/toolchain/arm/arm-gnu-toolchain/bin/../lib/gcc/arm-none-eabi/6.3.1/../../../../arm-none-eabi/lib/thumb/v7e-m\libc_nano.a(lib_a-nano-vfprintf_float.o)
                0x00401466                __cvt
 .text.__exponent
                0x0040151e       0x6a c:/program files (x86)/atmel/studio/7.0/toolchain/arm/arm-gnu-toolchain/bin/../lib/gcc/arm-none-eabi/6.3.1/../../../../arm-none-eabi/lib/thumb/v7e-m\libc_nano.a(lib_a-nano-vfprintf_float.o)
                0x0040151e                __exponent
 .text._printf_float
                0x00401588      0x470 c:/program files (x86)/atmel/studio/7.0/toolchain/arm/arm-gnu-toolchain/bin/../lib/gcc/arm-none-eabi/6.3.1/../../../../arm-none-eabi/lib/thumb/v7e-m\libc_nano.a(lib_a-nano-vfprintf_float.o)
                0x00401588                _printf_float
 .text._printf_common
                0x004019f8       0xec c:/program files (x86)/atmel/studio/7.0/toolchain/arm/arm-gnu-toolchain/bin/../lib/gcc/arm-none-eabi/6.3.1/../../../../arm-none-eabi/lib/thumb/v7e-m\libc_nano.a(lib_a-nano-vfprintf_i.o)
                0x004019f8                _printf_common
 .text._printf_i
                0x00401ae4      0x240 c:/program files (x86)/atmel/studio/7.0/toolchain/arm/arm-gnu-toolchain/bin/../lib/gcc/arm-none-eabi/6.3.1/../../../../arm-none-eabi/lib/thumb/v7e-m\libc_nano.a(lib_a-nano-vfprintf_i.o)
                0x00401ae4                _printf_i
 .text.printf   0x00401d24       0x30 c:/program files (x86)/atmel/studio/7.0/toolchain/arm/arm-gnu-toolchain/bin/../lib/gcc/arm-none-eabi/6.3.1/../../../../arm-none-eabi/lib/thumb/v7e-m\libc_nano.a(lib_a-printf.o)
                0x00401d24                iprintf
                0x00401d24                printf
 .text.setbuf   0x00401d54       0x10 c:/program files (x86)/atmel/studio/7.0/toolchain/arm/arm-gnu-toolchain/bin/../lib/gcc/arm-none-eabi/6.3.1/../../../../arm-none-eabi/lib/thumb/v7e-m\libc_nano.a(lib_a-setbuf.o)
                0x00401d54                setbuf
 .text.setvbuf  0x00401d64      0x15c c:/program files (x86)/atmel/studio/7.0/toolchain/arm/arm-gnu-toolchain/bin/../lib/gcc/arm-none-eabi/6.3.1/../../../../arm-none-eabi/lib/thumb/v7e-m\libc_nano.a(lib_a-setvbuf.o)
                0x00401d64                setvbuf
 .text          0x00401ec0       0x10 c:/program files (x86)/atmel/studio/7.0/toolchain/arm/arm-gnu-toolchain/bin/../lib/gcc/arm-none-eabi/6.3.1/../../../../arm-none-eabi/lib/thumb/v7e-m\libc_nano.a(lib_a-strlen.o)
                0x00401ec0                strlen
 .text.quorem   0x00401ed0      0x118 c:/program files (x86)/atmel/studio/7.0/toolchain/arm/arm-gnu-toolchain/bin/../lib/gcc/arm-none-eabi/6.3.1/../../../../arm-none-eabi/lib/thumb/v7e-m\libc_nano.a(lib_a-dtoa.o)
 .text._dtoa_r  0x00401fe8      0xba4 c:/program files (x86)/atmel/studio/7.0/toolchain/arm/arm-gnu-toolchain/bin/../lib/gcc/arm-none-eabi/6.3.1/../../../../arm-none-eabi/lib/thumb/v7e-m\libc_nano.a(lib_a-dtoa.o)
                0x00401fe8                _dtoa_r
 .text.__sflush_r
                0x00402b8c      0x110 c:/program files (x86)/atmel/studio/7.0/toolchain/arm/arm-gnu-toolchain/bin/../lib/gcc/arm-none-eabi/6.3.1/../../../../arm-none-eabi/lib/thumb/v7e-m\libc_nano.a(lib_a-fflush.o)
                0x00402b8c                __sflush_r
 .text._fflush_r
                0x00402c9c       0x54 c:/program files (x86)/atmel/studio/7.0/toolchain/arm/arm-gnu-toolchain/bin/../lib/gcc/arm-none-eabi/6.3.1/../../../../arm-none-eabi/lib/thumb/v7e-m\libc_nano.a(lib_a-fflush.o)
                0x00402c9c                _fflush_r
 .text._cleanup_r
                0x00402cf0        0xc c:/program files (x86)/atmel/studio/7.0/toolchain/arm/arm-gnu-toolchain/bin/../lib/gcc/arm-none-eabi/6.3.1/../../../../arm-none-eabi/lib/thumb/v7e-m\libc_nano.a(lib_a-findfp.o)
                0x00402cf0                _cleanup_r
 .text.std.isra.0
                0x00402cfc       0x48 c:/program files (x86)/atmel/studio/7.0/toolchain/arm/arm-gnu-toolchain/bin/../lib/gcc/arm-none-eabi/6.3.1/../../../../arm-none-eabi/lib/thumb/v7e-m\libc_nano.a(lib_a-findfp.o)
 .text.__sfmoreglue
                0x00402d44       0x2c c:/program files (x86)/atmel/studio/7.0/toolchain/arm/arm-gnu-toolchain/bin/../lib/gcc/arm-none-eabi/6.3.1/../../../../arm-none-eabi/lib/thumb/v7e-m\libc_nano.a(lib_a-findfp.o)
                0x00402d44                __sfmoreglue
 .text.__sinit  0x00402d70       0x60 c:/program files (x86)/atmel/studio/7.0/toolchain/arm/arm-gnu-toolchain/bin/../lib/gcc/arm-none-eabi/6.3.1/../../../../arm-none-eabi/lib/thumb/v7e-m\libc_nano.a(lib_a-findfp.o)
                0x00402d70                __sinit
 .text.__sfp    0x00402dd0       0x78 c:/program files (x86)/atmel/studio/7.0/toolchain/arm/arm-gnu-toolchain/bin/../lib/gcc/arm-none-eabi/6.3.1/../../../../arm-none-eabi/lib/thumb/v7e-m\libc_nano.a(lib_a-findfp.o)
                0x00402dd0                __sfp
 .text._fwalk_reent
                0x00402e48       0x3c c:/program files (x86)/atmel/studio/7.0/toolchain/arm/arm-gnu-toolchain/bin/../lib/gcc/arm-none-eabi/6.3.1/../../../../arm-none-eabi/lib/thumb/v7e-m\libc_nano.a(lib_a-fwalk.o)
                0x00402e48                _fwalk_reent
 .text._localeconv_r
                0x00402e84       0x1c c:/program files (x86)/atmel/studio/7.0/toolchain/arm/arm-gnu-toolchain/bin/../lib/gcc/arm-none-eabi/6.3.1/../../../../arm-none-eabi/lib/thumb/v7e-m\libc_nano.a(lib_a-localeconv.o)
                0x00402e84                _localeconv_r
 .text.__swhatbuf_r
                0x00402ea0       0x48 c:/program files (x86)/atmel/studio/7.0/toolchain/arm/arm-gnu-toolchain/bin/../lib/gcc/arm-none-eabi/6.3.1/../../../../arm-none-eabi/lib/thumb/v7e-m\libc_nano.a(lib_a-makebuf.o)
                0x00402ea0                __swhatbuf_r
 .text.__smakebuf_r
                0x00402ee8       0x80 c:/program files (x86)/atmel/studio/7.0/toolchain/arm/arm-gnu-toolchain/bin/../lib/gcc/arm-none-eabi/6.3.1/../../../../arm-none-eabi/lib/thumb/v7e-m\libc_nano.a(lib_a-makebuf.o)
                0x00402ee8                __smakebuf_r
 .text.malloc   0x00402f68       0x10 c:/program files (x86)/atmel/studio/7.0/toolchain/arm/arm-gnu-toolchain/bin/../lib/gcc/arm-none-eabi/6.3.1/../../../../arm-none-eabi/lib/thumb/v7e-m\libc_nano.a(lib_a-malloc.o)
                0x00402f68                malloc
 *fill*         0x00402f78        0x8 
 .text          0x00402f80       0xa0 c:/program files (x86)/atmel/studio/7.0/toolchain/arm/arm-gnu-toolchain/bin/../lib/gcc/arm-none-eabi/6.3.1/../../../../arm-none-eabi/lib/thumb/v7e-m\libc_nano.a(lib_a-memchr.o)
                0x00402f80                memchr
 .text._Balloc  0x00403020       0x68 c:/program files (x86)/atmel/studio/7.0/toolchain/arm/arm-gnu-toolchain/bin/../lib/gcc/arm-none-eabi/6.3.1/../../../../arm-none-eabi/lib/thumb/v7e-m\libc_nano.a(lib_a-mprec.o)
                0x00403020                _Balloc
 .text._Bfree   0x00403088       0x2e c:/program files (x86)/atmel/studio/7.0/toolchain/arm/arm-gnu-toolchain/bin/../lib/gcc/arm-none-eabi/6.3.1/../../../../arm-none-eabi/lib/thumb/v7e-m\libc_nano.a(lib_a-mprec.o)
                0x00403088                _Bfree
 .text.__multadd
                0x004030b6       0x76 c:/program files (x86)/atmel/studio/7.0/toolchain/arm/arm-gnu-toolchain/bin/../lib/gcc/arm-none-eabi/6.3.1/../../../../arm-none-eabi/lib/thumb/v7e-m\libc_nano.a(lib_a-mprec.o)
                0x004030b6                __multadd
 .text.__hi0bits
                0x0040312c       0x3e c:/program files (x86)/atmel/studio/7.0/toolchain/arm/arm-gnu-toolchain/bin/../lib/gcc/arm-none-eabi/6.3.1/../../../../arm-none-eabi/lib/thumb/v7e-m\libc_nano.a(lib_a-mprec.o)
                0x0040312c                __hi0bits
 .text.__lo0bits
                0x0040316a       0x5e c:/program files (x86)/atmel/studio/7.0/toolchain/arm/arm-gnu-toolchain/bin/../lib/gcc/arm-none-eabi/6.3.1/../../../../arm-none-eabi/lib/thumb/v7e-m\libc_nano.a(lib_a-mprec.o)
                0x0040316a                __lo0bits
 .text.__i2b    0x004031c8       0x12 c:/program files (x86)/atmel/studio/7.0/toolchain/arm/arm-gnu-toolchain/bin/../lib/gcc/arm-none-eabi/6.3.1/../../../../arm-none-eabi/lib/thumb/v7e-m\libc_nano.a(lib_a-mprec.o)
                0x004031c8                __i2b
 .text.__multiply
                0x004031da      0x11a c:/program files (x86)/atmel/studio/7.0/toolchain/arm/arm-gnu-toolchain/bin/../lib/gcc/arm-none-eabi/6.3.1/../../../../arm-none-eabi/lib/thumb/v7e-m\libc_nano.a(lib_a-mprec.o)
                0x004031da                __multiply
 .text.__pow5mult
                0x004032f4       0x9c c:/program files (x86)/atmel/studio/7.0/toolchain/arm/arm-gnu-toolchain/bin/../lib/gcc/arm-none-eabi/6.3.1/../../../../arm-none-eabi/lib/thumb/v7e-m\libc_nano.a(lib_a-mprec.o)
                0x004032f4                __pow5mult
 .text.__lshift
                0x00403390       0xa2 c:/program files (x86)/atmel/studio/7.0/toolchain/arm/arm-gnu-toolchain/bin/../lib/gcc/arm-none-eabi/6.3.1/../../../../arm-none-eabi/lib/thumb/v7e-m\libc_nano.a(lib_a-mprec.o)
                0x00403390                __lshift
 .text.__mcmp   0x00403432       0x34 c:/program files (x86)/atmel/studio/7.0/toolchain/arm/arm-gnu-toolchain/bin/../lib/gcc/arm-none-eabi/6.3.1/../../../../arm-none-eabi/lib/thumb/v7e-m\libc_nano.a(lib_a-mprec.o)
                0x00403432                __mcmp
 .text.__mdiff  0x00403466       0xbc c:/program files (x86)/atmel/studio/7.0/toolchain/arm/arm-gnu-toolchain/bin/../lib/gcc/arm-none-eabi/6.3.1/../../../../arm-none-eabi/lib/thumb/v7e-m\libc_nano.a(lib_a-mprec.o)
                0x00403466                __mdiff
 .text.__d2b    0x00403522       0x9e c:/program files (x86)/atmel/studio/7.0/toolchain/arm/arm-gnu-toolchain/bin/../lib/gcc/arm-none-eabi/6.3.1/../../../../arm-none-eabi/lib/thumb/v7e-m\libc_nano.a(lib_a-mprec.o)
                0x00403522                __d2b
 .text._calloc_r
                0x004035c0       0x1c c:/program files (x86)/atmel/studio/7.0/toolchain/arm/arm-gnu-toolchain/bin/../lib/gcc/arm-none-eabi/6.3.1/../../../../arm-none-eabi/lib/thumb/v7e-m\libc_nano.a(lib_a-nano-callocr.o)
                0x004035c0                _calloc_r
 .text._free_r  0x004035dc       0x9c c:/program files (x86)/atmel/studio/7.0/toolchain/arm/arm-gnu-toolchain/bin/../lib/gcc/arm-none-eabi/6.3.1/../../../../arm-none-eabi/lib/thumb/v7e-m\libc_nano.a(lib_a-nano-freer.o)
                0x004035dc                _free_r
 .text._malloc_r
                0x00403678       0xbc c:/program files (x86)/atmel/studio/7.0/toolchain/arm/arm-gnu-toolchain/bin/../lib/gcc/arm-none-eabi/6.3.1/../../../../arm-none-eabi/lib/thumb/v7e-m\libc_nano.a(lib_a-nano-mallocr.o)
                0x00403678                _malloc_r
 .text.__sfputc_r
                0x00403734       0x2c c:/program files (x86)/atmel/studio/7.0/toolchain/arm/arm-gnu-toolchain/bin/../lib/gcc/arm-none-eabi/6.3.1/../../../../arm-none-eabi/lib/thumb/v7e-m\libc_nano.a(lib_a-nano-vfprintf.o)
 .text.__sfputs_r
                0x00403760       0x24 c:/program files (x86)/atmel/studio/7.0/toolchain/arm/arm-gnu-toolchain/bin/../lib/gcc/arm-none-eabi/6.3.1/../../../../arm-none-eabi/lib/thumb/v7e-m\libc_nano.a(lib_a-nano-vfprintf.o)
                0x00403760                __sfputs_r
 .text._vfprintf_r
                0x00403784      0x22c c:/program files (x86)/atmel/studio/7.0/toolchain/arm/arm-gnu-toolchain/bin/../lib/gcc/arm-none-eabi/6.3.1/../../../../arm-none-eabi/lib/thumb/v7e-m\libc_nano.a(lib_a-nano-vfprintf.o)
                0x00403784                _vfprintf_r
                0x00403784                _vfiprintf_r
 .text._sbrk_r  0x004039b0       0x20 c:/program files (x86)/atmel/studio/7.0/toolchain/arm/arm-gnu-toolchain/bin/../lib/gcc/arm-none-eabi/6.3.1/../../../../arm-none-eabi/lib/thumb/v7e-m\libc_nano.a(lib_a-sbrkr.o)
                0x004039b0                _sbrk_r
 .text.__sread  0x004039d0       0x22 c:/program files (x86)/atmel/studio/7.0/toolchain/arm/arm-gnu-toolchain/bin/../lib/gcc/arm-none-eabi/6.3.1/../../../../arm-none-eabi/lib/thumb/v7e-m\libc_nano.a(lib_a-stdio.o)
                0x004039d0                __sread
 .text.__swrite
                0x004039f2       0x38 c:/program files (x86)/atmel/studio/7.0/toolchain/arm/arm-gnu-toolchain/bin/../lib/gcc/arm-none-eabi/6.3.1/../../../../arm-none-eabi/lib/thumb/v7e-m\libc_nano.a(lib_a-stdio.o)
                0x004039f2                __swrite
 .text.__sseek  0x00403a2a       0x24 c:/program files (x86)/atmel/studio/7.0/toolchain/arm/arm-gnu-toolchain/bin/../lib/gcc/arm-none-eabi/6.3.1/../../../../arm-none-eabi/lib/thumb/v7e-m\libc_nano.a(lib_a-stdio.o)
                0x00403a2a                __sseek
 .text.__sclose
                0x00403a4e        0x8 c:/program files (x86)/atmel/studio/7.0/toolchain/arm/arm-gnu-toolchain/bin/../lib/gcc/arm-none-eabi/6.3.1/../../../../arm-none-eabi/lib/thumb/v7e-m\libc_nano.a(lib_a-stdio.o)
                0x00403a4e                __sclose
 *fill*         0x00403a56        0x2 
 .text.__swbuf_r
                0x00403a58       0xa4 c:/program files (x86)/atmel/studio/7.0/toolchain/arm/arm-gnu-toolchain/bin/../lib/gcc/arm-none-eabi/6.3.1/../../../../arm-none-eabi/lib/thumb/v7e-m\libc_nano.a(lib_a-wbuf.o)
                0x00403a58                __swbuf_r
 .text._write_r
                0x00403afc       0x24 c:/program files (x86)/atmel/studio/7.0/toolchain/arm/arm-gnu-toolchain/bin/../lib/gcc/arm-none-eabi/6.3.1/../../../../arm-none-eabi/lib/thumb/v7e-m\libc_nano.a(lib_a-writer.o)
                0x00403afc                _write_r
 .text.__swsetup_r
                0x00403b20       0xdc c:/program files (x86)/atmel/studio/7.0/toolchain/arm/arm-gnu-toolchain/bin/../lib/gcc/arm-none-eabi/6.3.1/../../../../arm-none-eabi/lib/thumb/v7e-m\libc_nano.a(lib_a-wsetup.o)
                0x00403b20                __swsetup_r
 .text._close_r
                0x00403bfc       0x20 c:/program files (x86)/atmel/studio/7.0/toolchain/arm/arm-gnu-toolchain/bin/../lib/gcc/arm-none-eabi/6.3.1/../../../../arm-none-eabi/lib/thumb/v7e-m\libc_nano.a(lib_a-closer.o)
                0x00403bfc                _close_r
 .text._fstat_r
                0x00403c1c       0x24 c:/program files (x86)/atmel/studio/7.0/toolchain/arm/arm-gnu-toolchain/bin/../lib/gcc/arm-none-eabi/6.3.1/../../../../arm-none-eabi/lib/thumb/v7e-m\libc_nano.a(lib_a-fstatr.o)
                0x00403c1c                _fstat_r
 .text._isatty_r
                0x00403c40       0x20 c:/program files (x86)/atmel/studio/7.0/toolchain/arm/arm-gnu-toolchain/bin/../lib/gcc/arm-none-eabi/6.3.1/../../../../arm-none-eabi/lib/thumb/v7e-m\libc_nano.a(lib_a-isattyr.o)
                0x00403c40                _isatty_r
 .text._lseek_r
                0x00403c60       0x24 c:/program files (x86)/atmel/studio/7.0/toolchain/arm/arm-gnu-toolchain/bin/../lib/gcc/arm-none-eabi/6.3.1/../../../../arm-none-eabi/lib/thumb/v7e-m\libc_nano.a(lib_a-lseekr.o)
                0x00403c60                _lseek_r
 .text.__ascii_mbtowc
                0x00403c84       0x24 c:/program files (x86)/atmel/studio/7.0/toolchain/arm/arm-gnu-toolchain/bin/../lib/gcc/arm-none-eabi/6.3.1/../../../../arm-none-eabi/lib/thumb/v7e-m\libc_nano.a(lib_a-mbtowc_r.o)
                0x00403c84                __ascii_mbtowc
 .text.__malloc_lock
                0x00403ca8        0x2 c:/program files (x86)/atmel/studio/7.0/toolchain/arm/arm-gnu-toolchain/bin/../lib/gcc/arm-none-eabi/6.3.1/../../../../arm-none-eabi/lib/thumb/v7e-m\libc_nano.a(lib_a-mlock.o)
                0x00403ca8                __malloc_lock
 .text.__malloc_unlock
                0x00403caa        0x2 c:/program files (x86)/atmel/studio/7.0/toolchain/arm/arm-gnu-toolchain/bin/../lib/gcc/arm-none-eabi/6.3.1/../../../../arm-none-eabi/lib/thumb/v7e-m\libc_nano.a(lib_a-mlock.o)
                0x00403caa                __malloc_unlock
 .text._read_r  0x00403cac       0x24 c:/program files (x86)/atmel/studio/7.0/toolchain/arm/arm-gnu-toolchain/bin/../lib/gcc/arm-none-eabi/6.3.1/../../../../arm-none-eabi/lib/thumb/v7e-m\libc_nano.a(lib_a-readr.o)
                0x00403cac                _read_r
 .text.__ascii_wctomb
                0x00403cd0       0x1a c:/program files (x86)/atmel/studio/7.0/toolchain/arm/arm-gnu-toolchain/bin/../lib/gcc/arm-none-eabi/6.3.1/../../../../arm-none-eabi/lib/thumb/v7e-m\libc_nano.a(lib_a-wctomb_r.o)
                0x00403cd0                __ascii_wctomb
 *fill*         0x00403cea        0x2 
 .text          0x00403cec      0x370 c:/program files (x86)/atmel/studio/7.0/toolchain/arm/arm-gnu-toolchain/bin/../lib/gcc/arm-none-eabi/6.3.1/thumb/v7e-m\libgcc.a(_arm_addsubdf3.o)
                0x00403cec                __aeabi_drsub
                0x00403cf4                __aeabi_dsub
                0x00403cf4                __subdf3
                0x00403cf8                __aeabi_dadd
                0x00403cf8                __adddf3
                0x00403f70                __floatunsidf
                0x00403f70                __aeabi_ui2d
                0x00403f90                __floatsidf
                0x00403f90                __aeabi_i2d
                0x00403fb4                __aeabi_f2d
                0x00403fb4                __extendsfdf2
                0x00403ff0                __floatundidf
                0x00403ff0                __aeabi_ul2d
                0x00404000                __floatdidf
                0x00404000                __aeabi_l2d
 .text          0x0040405c      0x424 c:/program files (x86)/atmel/studio/7.0/toolchain/arm/arm-gnu-toolchain/bin/../lib/gcc/arm-none-eabi/6.3.1/thumb/v7e-m\libgcc.a(_arm_muldivdf3.o)
                0x0040405c                __aeabi_dmul
                0x0040405c                __muldf3
                0x004042b0                __divdf3
                0x004042b0                __aeabi_ddiv
 .text          0x00404480      0x110 c:/program files (x86)/atmel/studio/7.0/toolchain/arm/arm-gnu-toolchain/bin/../lib/gcc/arm-none-eabi/6.3.1/thumb/v7e-m\libgcc.a(_arm_cmpdf2.o)
                0x00404480                __gtdf2
                0x00404480                __gedf2
                0x00404488                __ltdf2
                0x00404488                __ledf2
                0x00404490                __nedf2
                0x00404490                __eqdf2
                0x00404490                __cmpdf2
                0x0040450c                __aeabi_cdrcmple
                0x0040451c                __aeabi_cdcmpeq
                0x0040451c                __aeabi_cdcmple
                0x0040452c                __aeabi_dcmpeq
                0x00404540                __aeabi_dcmplt
                0x00404554                __aeabi_dcmple
                0x00404568                __aeabi_dcmpge
                0x0040457c                __aeabi_dcmpgt
 .text          0x00404590       0x2c c:/program files (x86)/atmel/studio/7.0/toolchain/arm/arm-gnu-toolchain/bin/../lib/gcc/arm-none-eabi/6.3.1/thumb/v7e-m\libgcc.a(_arm_unorddf2.o)
                0x00404590                __unorddf2
                0x00404590                __aeabi_dcmpun
 .text          0x004045bc       0x50 c:/program files (x86)/atmel/studio/7.0/toolchain/arm/arm-gnu-toolchain/bin/../lib/gcc/arm-none-eabi/6.3.1/thumb/v7e-m\libgcc.a(_arm_fixdfsi.o)
                0x004045bc                __aeabi_d2iz
                0x004045bc                __fixdfsi
 *(.glue_7t)
 .glue_7t       0x0040460c        0x0 linker stubs
 *(.glue_7)
 .glue_7        0x0040460c        0x0 linker stubs
 *(.rodata .rodata* .gnu.linkonce.r.*)
 .rodata.str1.4
                0x0040460c       0x1a hal/src/hal_adc_sync.o
 *fill*         0x00404626        0x2 
 .rodata.str1.4
                0x00404628       0x14 hal/src/hal_io.o
 .rodata.str1.4
                0x0040463c       0x15 hal/src/hal_pwm.o
 *fill*         0x00404651        0x3 
 .rodata.str1.4
                0x00404654       0x1c hal/src/hal_usart_sync.o
 .rodata        0x00404670       0xc8 hpl/afec/hpl_afec.o
 .rodata.str1.4
                0x00404738       0x17 hpl/afec/hpl_afec.o
 *fill*         0x0040474f        0x1 
 .rodata        0x00404750       0x3d hpl/pio/hpl_pio_ext.o
 *fill*         0x0040478d        0x3 
 .rodata.str1.4
                0x00404790       0x19 hpl/pio/hpl_pio_ext.o
 *fill*         0x004047a9        0x3 
 .rodata        0x004047ac       0xa8 hpl/pwm/hpl_pwm.o
 .rodata.str1.4
                0x00404854       0x15 hpl/pwm/hpl_pwm.o
 *fill*         0x00404869        0x3 
 .rodata        0x0040486c        0xc hpl/usart/hpl_usart.o
 .rodata.str1.4
                0x00404878       0x19 hpl/usart/hpl_usart.o
 *fill*         0x00404891        0x3 
 .rodata.str1.4
                0x00404894        0x8 main.o
                                  0x6 (size before relaxing)
 .rodata._global_impure_ptr
                0x0040489c        0x4 c:/program files (x86)/atmel/studio/7.0/toolchain/arm/arm-gnu-toolchain/bin/../lib/gcc/arm-none-eabi/6.3.1/../../../../arm-none-eabi/lib/thumb/v7e-m\libc_nano.a(lib_a-impure.o)
                0x0040489c                _global_impure_ptr
 .rodata._printf_float.str1.1
                0x004048a0       0x12 c:/program files (x86)/atmel/studio/7.0/toolchain/arm/arm-gnu-toolchain/bin/../lib/gcc/arm-none-eabi/6.3.1/../../../../arm-none-eabi/lib/thumb/v7e-m\libc_nano.a(lib_a-nano-vfprintf_float.o)
 .rodata._printf_i.str1.1
                0x004048b2       0x22 c:/program files (x86)/atmel/studio/7.0/toolchain/arm/arm-gnu-toolchain/bin/../lib/gcc/arm-none-eabi/6.3.1/../../../../arm-none-eabi/lib/thumb/v7e-m\libc_nano.a(lib_a-nano-vfprintf_i.o)
 .rodata._dtoa_r.str1.1
                0x004048d4        0xd c:/program files (x86)/atmel/studio/7.0/toolchain/arm/arm-gnu-toolchain/bin/../lib/gcc/arm-none-eabi/6.3.1/../../../../arm-none-eabi/lib/thumb/v7e-m\libc_nano.a(lib_a-dtoa.o)
                                  0xf (size before relaxing)
 *fill*         0x004048e1        0x3 
 .rodata.__sf_fake_stderr
                0x004048e4       0x20 c:/program files (x86)/atmel/studio/7.0/toolchain/arm/arm-gnu-toolchain/bin/../lib/gcc/arm-none-eabi/6.3.1/../../../../arm-none-eabi/lib/thumb/v7e-m\libc_nano.a(lib_a-findfp.o)
                0x004048e4                __sf_fake_stderr
 .rodata.__sf_fake_stdin
                0x00404904       0x20 c:/program files (x86)/atmel/studio/7.0/toolchain/arm/arm-gnu-toolchain/bin/../lib/gcc/arm-none-eabi/6.3.1/../../../../arm-none-eabi/lib/thumb/v7e-m\libc_nano.a(lib_a-findfp.o)
                0x00404904                __sf_fake_stdin
 .rodata.__sf_fake_stdout
                0x00404924       0x20 c:/program files (x86)/atmel/studio/7.0/toolchain/arm/arm-gnu-toolchain/bin/../lib/gcc/arm-none-eabi/6.3.1/../../../../arm-none-eabi/lib/thumb/v7e-m\libc_nano.a(lib_a-findfp.o)
                0x00404924                __sf_fake_stdout
 *fill*         0x00404944        0x4 
 .rodata.__mprec_bigtens
                0x00404948       0x28 c:/program files (x86)/atmel/studio/7.0/toolchain/arm/arm-gnu-toolchain/bin/../lib/gcc/arm-none-eabi/6.3.1/../../../../arm-none-eabi/lib/thumb/v7e-m\libc_nano.a(lib_a-mprec.o)
                0x00404948                __mprec_bigtens
 .rodata.__mprec_tens
                0x00404970       0xc8 c:/program files (x86)/atmel/studio/7.0/toolchain/arm/arm-gnu-toolchain/bin/../lib/gcc/arm-none-eabi/6.3.1/../../../../arm-none-eabi/lib/thumb/v7e-m\libc_nano.a(lib_a-mprec.o)
                0x00404970                __mprec_tens
 .rodata.p05.6047
                0x00404a38        0xc c:/program files (x86)/atmel/studio/7.0/toolchain/arm/arm-gnu-toolchain/bin/../lib/gcc/arm-none-eabi/6.3.1/../../../../arm-none-eabi/lib/thumb/v7e-m\libc_nano.a(lib_a-mprec.o)
 .rodata._vfprintf_r.str1.1
                0x00404a44       0x11 c:/program files (x86)/atmel/studio/7.0/toolchain/arm/arm-gnu-toolchain/bin/../lib/gcc/arm-none-eabi/6.3.1/../../../../arm-none-eabi/lib/thumb/v7e-m\libc_nano.a(lib_a-nano-vfprintf.o)
 .rodata._setlocale_r.str1.1
                0x00404a55        0x8 c:/program files (x86)/atmel/studio/7.0/toolchain/arm/arm-gnu-toolchain/bin/../lib/gcc/arm-none-eabi/6.3.1/../../../../arm-none-eabi/lib/thumb/v7e-m\libc_nano.a(lib_a-locale.o)
                                  0x9 (size before relaxing)
 .rodata.str1.1
                0x00404a5d        0x2 c:/program files (x86)/atmel/studio/7.0/toolchain/arm/arm-gnu-toolchain/bin/../lib/gcc/arm-none-eabi/6.3.1/../../../../arm-none-eabi/lib/thumb/v7e-m\libc_nano.a(lib_a-locale.o)
 .rodata._ctype_
                0x00404a5f      0x101 c:/program files (x86)/atmel/studio/7.0/toolchain/arm/arm-gnu-toolchain/bin/../lib/gcc/arm-none-eabi/6.3.1/../../../../arm-none-eabi/lib/thumb/v7e-m\libc_nano.a(lib_a-ctype_.o)
                0x00404a5f                _ctype_
 *(.ARM.extab* .gnu.linkonce.armextab.*)
                0x00404b60                . = ALIGN (0x4)
 *(.init)
 .init          0x00404b60        0x4 c:/program files (x86)/atmel/studio/7.0/toolchain/arm/arm-gnu-toolchain/bin/../lib/gcc/arm-none-eabi/6.3.1/thumb/v7e-m/crti.o
                0x00404b60                _init
 .init          0x00404b64        0x8 c:/program files (x86)/atmel/studio/7.0/toolchain/arm/arm-gnu-toolchain/bin/../lib/gcc/arm-none-eabi/6.3.1/thumb/v7e-m/crtn.o
                0x00404b6c                . = ALIGN (0x4)
                0x00404b6c                __preinit_array_start = .
 *(.preinit_array)
                0x00404b6c                __preinit_array_end = .
                0x00404b6c                . = ALIGN (0x4)
                0x00404b6c                __init_array_start = .
 *(SORT(.init_array.*))
 *(.init_array)
 .init_array    0x00404b6c        0x4 c:/program files (x86)/atmel/studio/7.0/toolchain/arm/arm-gnu-toolchain/bin/../lib/gcc/arm-none-eabi/6.3.1/thumb/v7e-m/crtbegin.o
                0x00404b70                __init_array_end = .
                0x00404b70                . = ALIGN (0x4)
 *crtbegin.o(.ctors)
 *(EXCLUDE_FILE(*crtend.o) .ctors)
 *(SORT(.ctors.*))
 *crtend.o(.ctors)
                0x00404b70                . = ALIGN (0x4)
 *(.fini)
 .fini          0x00404b70        0x4 c:/program files (x86)/atmel/studio/7.0/toolchain/arm/arm-gnu-toolchain/bin/../lib/gcc/arm-none-eabi/6.3.1/thumb/v7e-m/crti.o
                0x00404b70                _fini
 .fini          0x00404b74        0x8 c:/program files (x86)/atmel/studio/7.0/toolchain/arm/arm-gnu-toolchain/bin/../lib/gcc/arm-none-eabi/6.3.1/thumb/v7e-m/crtn.o
                0x00404b7c                . = ALIGN (0x4)
                0x00404b7c                __fini_array_start = .
 *(.fini_array)
 .fini_array    0x00404b7c        0x4 c:/program files (x86)/atmel/studio/7.0/toolchain/arm/arm-gnu-toolchain/bin/../lib/gcc/arm-none-eabi/6.3.1/thumb/v7e-m/crtbegin.o
 *(SORT(.fini_array.*))
                0x00404b80                __fini_array_end = .
 *crtbegin.o(.dtors)
 *(EXCLUDE_FILE(*crtend.o) .dtors)
 *(SORT(.dtors.*))
 *crtend.o(.dtors)
                0x00404b80                . = ALIGN (0x4)
                0x00404b80                _efixed = .
                [!provide]                PROVIDE (__exidx_start, .)

.vfp11_veneer   0x00404b80        0x0
 .vfp11_veneer  0x00404b80        0x0 linker stubs

.v4_bx          0x00404b80        0x0
 .v4_bx         0x00404b80        0x0 linker stubs

.iplt           0x00404b80        0x0
 .iplt          0x00404b80        0x0 c:/program files (x86)/atmel/studio/7.0/toolchain/arm/arm-gnu-toolchain/bin/../lib/gcc/arm-none-eabi/6.3.1/thumb/v7e-m/crtbegin.o

.eh_frame       0x00404b80        0x0
 .eh_frame      0x00404b80        0x0 c:/program files (x86)/atmel/studio/7.0/toolchain/arm/arm-gnu-toolchain/bin/../lib/gcc/arm-none-eabi/6.3.1/thumb/v7e-m/crtbegin.o

.rel.dyn        0x00404b80        0x0
 .rel.iplt      0x00404b80        0x0 c:/program files (x86)/atmel/studio/7.0/toolchain/arm/arm-gnu-toolchain/bin/../lib/gcc/arm-none-eabi/6.3.1/thumb/v7e-m/crtbegin.o

.jcr            0x00404b80        0x0
 .jcr           0x00404b80        0x0 c:/program files (x86)/atmel/studio/7.0/toolchain/arm/arm-gnu-toolchain/bin/../lib/gcc/arm-none-eabi/6.3.1/thumb/v7e-m/crtbegin.o

.igot.plt       0x00404b80        0x0
 .igot.plt      0x00404b80        0x0 c:/program files (x86)/atmel/studio/7.0/toolchain/arm/arm-gnu-toolchain/bin/../lib/gcc/arm-none-eabi/6.3.1/thumb/v7e-m/crtbegin.o

.ARM.exidx
 *(.ARM.exidx* .gnu.linkonce.armexidx.*)
                [!provide]                PROVIDE (__exidx_end, .)
                0x00404b80                . = ALIGN (0x4)
                0x00404b80                _etext = .

.relocate       0x20400000      0x1d0 load address 0x00404b80
                0x20400000                . = ALIGN (0x4)
                0x20400000                _srelocate = .
 *(.ramfunc .ramfunc.*)
 *(.data .data.*)
 .data._impure_ptr
                0x20400000        0x4 c:/program files (x86)/atmel/studio/7.0/toolchain/arm/arm-gnu-toolchain/bin/../lib/gcc/arm-none-eabi/6.3.1/../../../../arm-none-eabi/lib/thumb/v7e-m\libc_nano.a(lib_a-impure.o)
                0x20400000                _impure_ptr
 .data.impure_data
                0x20400004       0x60 c:/program files (x86)/atmel/studio/7.0/toolchain/arm/arm-gnu-toolchain/bin/../lib/gcc/arm-none-eabi/6.3.1/../../../../arm-none-eabi/lib/thumb/v7e-m\libc_nano.a(lib_a-impure.o)
 .data.__global_locale
                0x20400064      0x16c c:/program files (x86)/atmel/studio/7.0/toolchain/arm/arm-gnu-toolchain/bin/../lib/gcc/arm-none-eabi/6.3.1/../../../../arm-none-eabi/lib/thumb/v7e-m\libc_nano.a(lib_a-locale.o)
                0x20400064                __global_locale
                0x204001d0                . = ALIGN (0x4)
                0x204001d0                _erelocate = .

.bss            0x204001d0      0x110 load address 0x00404d50
                0x204001d0                . = ALIGN (0x4)
                0x204001d0                _sbss = .
                0x204001d0                _szero = .
 *(.bss .bss.*)
 .bss           0x204001d0       0x1c c:/program files (x86)/atmel/studio/7.0/toolchain/arm/arm-gnu-toolchain/bin/../lib/gcc/arm-none-eabi/6.3.1/thumb/v7e-m/crtbegin.o
 .bss           0x204001ec        0x4 hal/src/hal_delay.o
 .bss           0x204001f0       0x18 hal/src/hal_ext_irq.o
 .bss           0x20400208        0x4 hal/utils/src/utils_syscalls.o
 .bss           0x2040020c       0x2c hpl/mcan/hpl_mcan.o
 .bss           0x20400238        0x4 hpl/pio/hpl_pio_ext.o
 .bss           0x2040023c       0x20 hpl/pwm/hpl_pwm.o
 .bss           0x2040025c        0x4 stdio_redirect/stdio_io.o
 .bss.__malloc_free_list
                0x20400260        0x4 c:/program files (x86)/atmel/studio/7.0/toolchain/arm/arm-gnu-toolchain/bin/../lib/gcc/arm-none-eabi/6.3.1/../../../../arm-none-eabi/lib/thumb/v7e-m\libc_nano.a(lib_a-nano-mallocr.o)
                0x20400260                __malloc_free_list
 .bss.__malloc_sbrk_start
                0x20400264        0x4 c:/program files (x86)/atmel/studio/7.0/toolchain/arm/arm-gnu-toolchain/bin/../lib/gcc/arm-none-eabi/6.3.1/../../../../arm-none-eabi/lib/thumb/v7e-m\libc_nano.a(lib_a-nano-mallocr.o)
                0x20400264                __malloc_sbrk_start
 *(COMMON)
 COMMON         0x20400268       0x74 driver_init.o
                0x20400268                PWM_0
                0x20400284                CAN_1
                0x204002ac                EDBG_COM
                0x204002b8                ADC_0
                0x204002bc                PWM_1
                0x204002d8                ADC_1
 COMMON         0x204002dc        0x4 c:/program files (x86)/atmel/studio/7.0/toolchain/arm/arm-gnu-toolchain/bin/../lib/gcc/arm-none-eabi/6.3.1/../../../../arm-none-eabi/lib/thumb/v7e-m\libc_nano.a(lib_a-reent.o)
                0x204002dc                errno
                0x204002e0                . = ALIGN (0x4)
                0x204002e0                _ebss = .
                0x204002e0                _ezero = .

.heap           0x204002e0      0x200 load address 0x00404e60
                0x204002e0                . = ALIGN (0x8)
                0x204002e0                _sheap = .
                0x204004e0                . = (. + HEAP_SIZE)
 *fill*         0x204002e0      0x200 
                0x204004e0                . = ALIGN (0x8)
                0x204004e0                _eheap = .

.stack          0x204004e0      0x400 load address 0x00405060
                0x204004e0                . = ALIGN (0x8)
                0x204004e0                _sstack = .
                0x204008e0                . = (. + STACK_SIZE)
 *fill*         0x204004e0      0x400 
                0x204008e0                . = ALIGN (0x8)
                0x204008e0                _estack = .
                0x204008e0                . = ALIGN (0x4)
                0x204008e0                _end = .
                0x2045ffff                _ram_end_ = ((ORIGIN (ram) + LENGTH (ram)) - 0x1)
OUTPUT(4YP_Software.elf elf32-littlearm)

.ARM.attributes
                0x00000000       0x2e
 .ARM.attributes
                0x00000000       0x1e c:/program files (x86)/atmel/studio/7.0/toolchain/arm/arm-gnu-toolchain/bin/../lib/gcc/arm-none-eabi/6.3.1/thumb/v7e-m/crti.o
 .ARM.attributes
                0x0000001e       0x2e c:/program files (x86)/atmel/studio/7.0/toolchain/arm/arm-gnu-toolchain/bin/../lib/gcc/arm-none-eabi/6.3.1/thumb/v7e-m/crtbegin.o
 .ARM.attributes
                0x0000004c       0x37 atmel_start.o
 .ARM.attributes
                0x00000083       0x37 Device_Startup/startup_same70q21b.o
 .ARM.attributes
                0x000000ba       0x37 driver_init.o
 .ARM.attributes
                0x000000f1       0x37 hal/src/hal_adc_sync.o
 .ARM.attributes
                0x00000128       0x37 hal/src/hal_atomic.o
 .ARM.attributes
                0x0000015f       0x37 hal/src/hal_delay.o
 .ARM.attributes
                0x00000196       0x37 hal/src/hal_ext_irq.o
 .ARM.attributes
                0x000001cd       0x37 hal/src/hal_io.o
 .ARM.attributes
                0x00000204       0x37 hal/src/hal_pwm.o
 .ARM.attributes
                0x0000023b       0x37 hal/src/hal_usart_sync.o
 .ARM.attributes
                0x00000272       0x37 hal/utils/src/utils_assert.o
 .ARM.attributes
                0x000002a9       0x37 hal/utils/src/utils_syscalls.o
 .ARM.attributes
                0x000002e0       0x37 hpl/afec/hpl_afec.o
 .ARM.attributes
                0x00000317       0x37 hpl/core/hpl_core_m7_base.o
 .ARM.attributes
                0x0000034e       0x37 hpl/core/hpl_init.o
 .ARM.attributes
                0x00000385       0x37 hpl/mcan/hpl_mcan.o
 .ARM.attributes
                0x000003bc       0x37 hpl/pio/hpl_pio_ext.o
 .ARM.attributes
                0x000003f3       0x37 hpl/pmc/hpl_pmc.o
 .ARM.attributes
                0x0000042a       0x37 hpl/pwm/hpl_pwm.o
 .ARM.attributes
                0x00000461       0x37 hpl/systick/hpl_systick_ARMv7_base.o
 .ARM.attributes
                0x00000498       0x37 hpl/usart/hpl_usart.o
 .ARM.attributes
                0x000004cf       0x37 main.o
 .ARM.attributes
                0x00000506       0x37 stdio_redirect/gcc/read.o
 .ARM.attributes
                0x0000053d       0x37 stdio_redirect/gcc/write.o
 .ARM.attributes
                0x00000574       0x37 stdio_redirect/stdio_io.o
 .ARM.attributes
                0x000005ab       0x37 stdio_start.o
 .ARM.attributes
                0x000005e2       0x2e c:/program files (x86)/atmel/studio/7.0/toolchain/arm/arm-gnu-toolchain/bin/../lib/gcc/arm-none-eabi/6.3.1/../../../../arm-none-eabi/lib/thumb/v7e-m\libc_nano.a(lib_a-impure.o)
 .ARM.attributes
                0x00000610       0x2e c:/program files (x86)/atmel/studio/7.0/toolchain/arm/arm-gnu-toolchain/bin/../lib/gcc/arm-none-eabi/6.3.1/../../../../arm-none-eabi/lib/thumb/v7e-m\libc_nano.a(lib_a-init.o)
 .ARM.attributes
                0x0000063e       0x2e c:/program files (x86)/atmel/studio/7.0/toolchain/arm/arm-gnu-toolchain/bin/../lib/gcc/arm-none-eabi/6.3.1/../../../../arm-none-eabi/lib/thumb/v7e-m\libc_nano.a(lib_a-memcpy-stub.o)
 .ARM.attributes
                0x0000066c       0x2e c:/program files (x86)/atmel/studio/7.0/toolchain/arm/arm-gnu-toolchain/bin/../lib/gcc/arm-none-eabi/6.3.1/../../../../arm-none-eabi/lib/thumb/v7e-m\libc_nano.a(lib_a-memset.o)
 .ARM.attributes
                0x0000069a       0x2e c:/program files (x86)/atmel/studio/7.0/toolchain/arm/arm-gnu-toolchain/bin/../lib/gcc/arm-none-eabi/6.3.1/../../../../arm-none-eabi/lib/thumb/v7e-m\libc_nano.a(lib_a-nano-vfprintf_float.o)
 .ARM.attributes
                0x000006c8       0x2e c:/program files (x86)/atmel/studio/7.0/toolchain/arm/arm-gnu-toolchain/bin/../lib/gcc/arm-none-eabi/6.3.1/../../../../arm-none-eabi/lib/thumb/v7e-m\libc_nano.a(lib_a-nano-vfprintf_i.o)
 .ARM.attributes
                0x000006f6       0x2e c:/program files (x86)/atmel/studio/7.0/toolchain/arm/arm-gnu-toolchain/bin/../lib/gcc/arm-none-eabi/6.3.1/../../../../arm-none-eabi/lib/thumb/v7e-m\libc_nano.a(lib_a-printf.o)
 .ARM.attributes
                0x00000724       0x2e c:/program files (x86)/atmel/studio/7.0/toolchain/arm/arm-gnu-toolchain/bin/../lib/gcc/arm-none-eabi/6.3.1/../../../../arm-none-eabi/lib/thumb/v7e-m\libc_nano.a(lib_a-setbuf.o)
 .ARM.attributes
                0x00000752       0x2e c:/program files (x86)/atmel/studio/7.0/toolchain/arm/arm-gnu-toolchain/bin/../lib/gcc/arm-none-eabi/6.3.1/../../../../arm-none-eabi/lib/thumb/v7e-m\libc_nano.a(lib_a-setvbuf.o)
 .ARM.attributes
                0x00000780       0x17 c:/program files (x86)/atmel/studio/7.0/toolchain/arm/arm-gnu-toolchain/bin/../lib/gcc/arm-none-eabi/6.3.1/../../../../arm-none-eabi/lib/thumb/v7e-m\libc_nano.a(lib_a-strlen.o)
 .ARM.attributes
                0x00000797       0x2e c:/program files (x86)/atmel/studio/7.0/toolchain/arm/arm-gnu-toolchain/bin/../lib/gcc/arm-none-eabi/6.3.1/../../../../arm-none-eabi/lib/thumb/v7e-m\libc_nano.a(lib_a-dtoa.o)
 .ARM.attributes
                0x000007c5       0x2e c:/program files (x86)/atmel/studio/7.0/toolchain/arm/arm-gnu-toolchain/bin/../lib/gcc/arm-none-eabi/6.3.1/../../../../arm-none-eabi/lib/thumb/v7e-m\libc_nano.a(lib_a-fflush.o)
 .ARM.attributes
                0x000007f3       0x2e c:/program files (x86)/atmel/studio/7.0/toolchain/arm/arm-gnu-toolchain/bin/../lib/gcc/arm-none-eabi/6.3.1/../../../../arm-none-eabi/lib/thumb/v7e-m\libc_nano.a(lib_a-findfp.o)
 .ARM.attributes
                0x00000821       0x2e c:/program files (x86)/atmel/studio/7.0/toolchain/arm/arm-gnu-toolchain/bin/../lib/gcc/arm-none-eabi/6.3.1/../../../../arm-none-eabi/lib/thumb/v7e-m\libc_nano.a(lib_a-fwalk.o)
 .ARM.attributes
                0x0000084f       0x2e c:/program files (x86)/atmel/studio/7.0/toolchain/arm/arm-gnu-toolchain/bin/../lib/gcc/arm-none-eabi/6.3.1/../../../../arm-none-eabi/lib/thumb/v7e-m\libc_nano.a(lib_a-localeconv.o)
 .ARM.attributes
                0x0000087d       0x2e c:/program files (x86)/atmel/studio/7.0/toolchain/arm/arm-gnu-toolchain/bin/../lib/gcc/arm-none-eabi/6.3.1/../../../../arm-none-eabi/lib/thumb/v7e-m\libc_nano.a(lib_a-makebuf.o)
 .ARM.attributes
                0x000008ab       0x2e c:/program files (x86)/atmel/studio/7.0/toolchain/arm/arm-gnu-toolchain/bin/../lib/gcc/arm-none-eabi/6.3.1/../../../../arm-none-eabi/lib/thumb/v7e-m\libc_nano.a(lib_a-malloc.o)
 .ARM.attributes
                0x000008d9       0x1c c:/program files (x86)/atmel/studio/7.0/toolchain/arm/arm-gnu-toolchain/bin/../lib/gcc/arm-none-eabi/6.3.1/../../../../arm-none-eabi/lib/thumb/v7e-m\libc_nano.a(lib_a-memchr.o)
 .ARM.attributes
                0x000008f5       0x2e c:/program files (x86)/atmel/studio/7.0/toolchain/arm/arm-gnu-toolchain/bin/../lib/gcc/arm-none-eabi/6.3.1/../../../../arm-none-eabi/lib/thumb/v7e-m\libc_nano.a(lib_a-mprec.o)
 .ARM.attributes
                0x00000923       0x2e c:/program files (x86)/atmel/studio/7.0/toolchain/arm/arm-gnu-toolchain/bin/../lib/gcc/arm-none-eabi/6.3.1/../../../../arm-none-eabi/lib/thumb/v7e-m\libc_nano.a(lib_a-nano-callocr.o)
 .ARM.attributes
                0x00000951       0x2e c:/program files (x86)/atmel/studio/7.0/toolchain/arm/arm-gnu-toolchain/bin/../lib/gcc/arm-none-eabi/6.3.1/../../../../arm-none-eabi/lib/thumb/v7e-m\libc_nano.a(lib_a-nano-freer.o)
 .ARM.attributes
                0x0000097f       0x2e c:/program files (x86)/atmel/studio/7.0/toolchain/arm/arm-gnu-toolchain/bin/../lib/gcc/arm-none-eabi/6.3.1/../../../../arm-none-eabi/lib/thumb/v7e-m\libc_nano.a(lib_a-nano-mallocr.o)
 .ARM.attributes
                0x000009ad       0x2e c:/program files (x86)/atmel/studio/7.0/toolchain/arm/arm-gnu-toolchain/bin/../lib/gcc/arm-none-eabi/6.3.1/../../../../arm-none-eabi/lib/thumb/v7e-m\libc_nano.a(lib_a-nano-vfprintf.o)
 .ARM.attributes
                0x000009db       0x2e c:/program files (x86)/atmel/studio/7.0/toolchain/arm/arm-gnu-toolchain/bin/../lib/gcc/arm-none-eabi/6.3.1/../../../../arm-none-eabi/lib/thumb/v7e-m\libc_nano.a(lib_a-sbrkr.o)
 .ARM.attributes
                0x00000a09       0x2e c:/program files (x86)/atmel/studio/7.0/toolchain/arm/arm-gnu-toolchain/bin/../lib/gcc/arm-none-eabi/6.3.1/../../../../arm-none-eabi/lib/thumb/v7e-m\libc_nano.a(lib_a-stdio.o)
 .ARM.attributes
                0x00000a37       0x2e c:/program files (x86)/atmel/studio/7.0/toolchain/arm/arm-gnu-toolchain/bin/../lib/gcc/arm-none-eabi/6.3.1/../../../../arm-none-eabi/lib/thumb/v7e-m\libc_nano.a(lib_a-wbuf.o)
 .ARM.attributes
                0x00000a65       0x2e c:/program files (x86)/atmel/studio/7.0/toolchain/arm/arm-gnu-toolchain/bin/../lib/gcc/arm-none-eabi/6.3.1/../../../../arm-none-eabi/lib/thumb/v7e-m\libc_nano.a(lib_a-writer.o)
 .ARM.attributes
                0x00000a93       0x2e c:/program files (x86)/atmel/studio/7.0/toolchain/arm/arm-gnu-toolchain/bin/../lib/gcc/arm-none-eabi/6.3.1/../../../../arm-none-eabi/lib/thumb/v7e-m\libc_nano.a(lib_a-wsetup.o)
 .ARM.attributes
                0x00000ac1       0x2e c:/program files (x86)/atmel/studio/7.0/toolchain/arm/arm-gnu-toolchain/bin/../lib/gcc/arm-none-eabi/6.3.1/../../../../arm-none-eabi/lib/thumb/v7e-m\libc_nano.a(lib_a-closer.o)
 .ARM.attributes
                0x00000aef       0x2e c:/program files (x86)/atmel/studio/7.0/toolchain/arm/arm-gnu-toolchain/bin/../lib/gcc/arm-none-eabi/6.3.1/../../../../arm-none-eabi/lib/thumb/v7e-m\libc_nano.a(lib_a-fstatr.o)
 .ARM.attributes
                0x00000b1d       0x2e c:/program files (x86)/atmel/studio/7.0/toolchain/arm/arm-gnu-toolchain/bin/../lib/gcc/arm-none-eabi/6.3.1/../../../../arm-none-eabi/lib/thumb/v7e-m\libc_nano.a(lib_a-isattyr.o)
 .ARM.attributes
                0x00000b4b       0x2e c:/program files (x86)/atmel/studio/7.0/toolchain/arm/arm-gnu-toolchain/bin/../lib/gcc/arm-none-eabi/6.3.1/../../../../arm-none-eabi/lib/thumb/v7e-m\libc_nano.a(lib_a-locale.o)
 .ARM.attributes
                0x00000b79       0x2e c:/program files (x86)/atmel/studio/7.0/toolchain/arm/arm-gnu-toolchain/bin/../lib/gcc/arm-none-eabi/6.3.1/../../../../arm-none-eabi/lib/thumb/v7e-m\libc_nano.a(lib_a-lseekr.o)
 .ARM.attributes
                0x00000ba7       0x2e c:/program files (x86)/atmel/studio/7.0/toolchain/arm/arm-gnu-toolchain/bin/../lib/gcc/arm-none-eabi/6.3.1/../../../../arm-none-eabi/lib/thumb/v7e-m\libc_nano.a(lib_a-mbtowc_r.o)
 .ARM.attributes
                0x00000bd5       0x2e c:/program files (x86)/atmel/studio/7.0/toolchain/arm/arm-gnu-toolchain/bin/../lib/gcc/arm-none-eabi/6.3.1/../../../../arm-none-eabi/lib/thumb/v7e-m\libc_nano.a(lib_a-mlock.o)
 .ARM.attributes
                0x00000c03       0x2e c:/program files (x86)/atmel/studio/7.0/toolchain/arm/arm-gnu-toolchain/bin/../lib/gcc/arm-none-eabi/6.3.1/../../../../arm-none-eabi/lib/thumb/v7e-m\libc_nano.a(lib_a-readr.o)
 .ARM.attributes
                0x00000c31       0x2e c:/program files (x86)/atmel/studio/7.0/toolchain/arm/arm-gnu-toolchain/bin/../lib/gcc/arm-none-eabi/6.3.1/../../../../arm-none-eabi/lib/thumb/v7e-m\libc_nano.a(lib_a-reent.o)
 .ARM.attributes
                0x00000c5f       0x2e c:/program files (x86)/atmel/studio/7.0/toolchain/arm/arm-gnu-toolchain/bin/../lib/gcc/arm-none-eabi/6.3.1/../../../../arm-none-eabi/lib/thumb/v7e-m\libc_nano.a(lib_a-wctomb_r.o)
 .ARM.attributes
                0x00000c8d       0x2e c:/program files (x86)/atmel/studio/7.0/toolchain/arm/arm-gnu-toolchain/bin/../lib/gcc/arm-none-eabi/6.3.1/../../../../arm-none-eabi/lib/thumb/v7e-m\libc_nano.a(lib_a-ctype_.o)
 .ARM.attributes
                0x00000cbb       0x1e c:/program files (x86)/atmel/studio/7.0/toolchain/arm/arm-gnu-toolchain/bin/../lib/gcc/arm-none-eabi/6.3.1/thumb/v7e-m\libgcc.a(_arm_addsubdf3.o)
 .ARM.attributes
                0x00000cd9       0x1e c:/program files (x86)/atmel/studio/7.0/toolchain/arm/arm-gnu-toolchain/bin/../lib/gcc/arm-none-eabi/6.3.1/thumb/v7e-m\libgcc.a(_arm_muldivdf3.o)
 .ARM.attributes
                0x00000cf7       0x1e c:/program files (x86)/atmel/studio/7.0/toolchain/arm/arm-gnu-toolchain/bin/../lib/gcc/arm-none-eabi/6.3.1/thumb/v7e-m\libgcc.a(_arm_cmpdf2.o)
 .ARM.attributes
                0x00000d15       0x1e c:/program files (x86)/atmel/studio/7.0/toolchain/arm/arm-gnu-toolchain/bin/../lib/gcc/arm-none-eabi/6.3.1/thumb/v7e-m\libgcc.a(_arm_unorddf2.o)
 .ARM.attributes
                0x00000d33       0x1e c:/program files (x86)/atmel/studio/7.0/toolchain/arm/arm-gnu-toolchain/bin/../lib/gcc/arm-none-eabi/6.3.1/thumb/v7e-m\libgcc.a(_arm_fixdfsi.o)
 .ARM.attributes
                0x00000d51       0x1e c:/program files (x86)/atmel/studio/7.0/toolchain/arm/arm-gnu-toolchain/bin/../lib/gcc/arm-none-eabi/6.3.1/thumb/v7e-m/crtn.o

.comment        0x00000000       0x59
 .comment       0x00000000       0x59 atmel_start.o
                                 0x5a (size before relaxing)
 .comment       0x00000059       0x5a Device_Startup/startup_same70q21b.o
 .comment       0x00000059       0x5a driver_init.o
 .comment       0x00000059       0x5a hal/src/hal_adc_sync.o
 .comment       0x00000059       0x5a hal/src/hal_atomic.o
 .comment       0x00000059       0x5a hal/src/hal_delay.o
 .comment       0x00000059       0x5a hal/src/hal_ext_irq.o
 .comment       0x00000059       0x5a hal/src/hal_io.o
 .comment       0x00000059       0x5a hal/src/hal_pwm.o
 .comment       0x00000059       0x5a hal/src/hal_usart_sync.o
 .comment       0x00000059       0x5a hal/utils/src/utils_assert.o
 .comment       0x00000059       0x5a hal/utils/src/utils_syscalls.o
 .comment       0x00000059       0x5a hpl/afec/hpl_afec.o
 .comment       0x00000059       0x5a hpl/core/hpl_core_m7_base.o
 .comment       0x00000059       0x5a hpl/core/hpl_init.o
 .comment       0x00000059       0x5a hpl/mcan/hpl_mcan.o
 .comment       0x00000059       0x5a hpl/pio/hpl_pio_ext.o
 .comment       0x00000059       0x5a hpl/pmc/hpl_pmc.o
 .comment       0x00000059       0x5a hpl/pwm/hpl_pwm.o
 .comment       0x00000059       0x5a hpl/systick/hpl_systick_ARMv7_base.o
 .comment       0x00000059       0x5a hpl/usart/hpl_usart.o
 .comment       0x00000059       0x5a main.o
 .comment       0x00000059       0x5a stdio_redirect/gcc/read.o
 .comment       0x00000059       0x5a stdio_redirect/gcc/write.o
 .comment       0x00000059       0x5a stdio_redirect/stdio_io.o
 .comment       0x00000059       0x5a stdio_start.o

.debug_info     0x00000000    0x1ba33
 .debug_info    0x00000000      0xe59 atmel_start.o
 .debug_info    0x00000e59      0xb33 Device_Startup/startup_same70q21b.o
 .debug_info    0x0000198c     0x4d22 driver_init.o
 .debug_info    0x000066ae      0xbee hal/src/hal_adc_sync.o
 .debug_info    0x0000729c      0x1fa hal/src/hal_atomic.o
 .debug_info    0x00007496      0x205 hal/src/hal_delay.o
 .debug_info    0x0000769b      0x38a hal/src/hal_ext_irq.o
 .debug_info    0x00007a25      0x311 hal/src/hal_io.o
 .debug_info    0x00007d36      0x818 hal/src/hal_pwm.o
 .debug_info    0x0000854e      0xd3b hal/src/hal_usart_sync.o
 .debug_info    0x00009289      0x130 hal/utils/src/utils_assert.o
 .debug_info    0x000093b9      0xdc7 hal/utils/src/utils_syscalls.o
 .debug_info    0x0000a180     0x250e hpl/afec/hpl_afec.o
 .debug_info    0x0000c68e      0xd34 hpl/core/hpl_core_m7_base.o
 .debug_info    0x0000d3c2      0x6be hpl/core/hpl_init.o
 .debug_info    0x0000da80     0x2b56 hpl/mcan/hpl_mcan.o
 .debug_info    0x000105d6     0x134e hpl/pio/hpl_pio_ext.o
 .debug_info    0x00011924      0x894 hpl/pmc/hpl_pmc.o
 .debug_info    0x000121b8     0x1e31 hpl/pwm/hpl_pwm.o
 .debug_info    0x00013fe9      0x289 hpl/systick/hpl_systick_ARMv7_base.o
 .debug_info    0x00014272     0x32b3 hpl/usart/hpl_usart.o
 .debug_info    0x00017525     0x15b6 main.o
 .debug_info    0x00018adb      0xa5d stdio_redirect/gcc/read.o
 .debug_info    0x00019538      0xa5d stdio_redirect/gcc/write.o
 .debug_info    0x00019f95      0xbf7 stdio_redirect/stdio_io.o
 .debug_info    0x0001ab8c      0xea7 stdio_start.o

.debug_abbrev   0x00000000     0x3968
 .debug_abbrev  0x00000000      0x1ce atmel_start.o
 .debug_abbrev  0x000001ce      0x153 Device_Startup/startup_same70q21b.o
 .debug_abbrev  0x00000321      0x316 driver_init.o
 .debug_abbrev  0x00000637      0x177 hal/src/hal_adc_sync.o
 .debug_abbrev  0x000007ae      0x155 hal/src/hal_atomic.o
 .debug_abbrev  0x00000903       0xf9 hal/src/hal_delay.o
 .debug_abbrev  0x000009fc      0x191 hal/src/hal_ext_irq.o
 .debug_abbrev  0x00000b8d      0x12d hal/src/hal_io.o
 .debug_abbrev  0x00000cba      0x198 hal/src/hal_pwm.o
 .debug_abbrev  0x00000e52      0x22f hal/src/hal_usart_sync.o
 .debug_abbrev  0x00001081       0x9e hal/utils/src/utils_assert.o
 .debug_abbrev  0x0000111f      0x266 hal/utils/src/utils_syscalls.o
 .debug_abbrev  0x00001385      0x3db hpl/afec/hpl_afec.o
 .debug_abbrev  0x00001760      0x281 hpl/core/hpl_core_m7_base.o
 .debug_abbrev  0x000019e1      0x1e7 hpl/core/hpl_init.o
 .debug_abbrev  0x00001bc8      0x4a2 hpl/mcan/hpl_mcan.o
 .debug_abbrev  0x0000206a      0x371 hpl/pio/hpl_pio_ext.o
 .debug_abbrev  0x000023db      0x1b7 hpl/pmc/hpl_pmc.o
 .debug_abbrev  0x00002592      0x348 hpl/pwm/hpl_pwm.o
 .debug_abbrev  0x000028da      0x174 hpl/systick/hpl_systick_ARMv7_base.o
 .debug_abbrev  0x00002a4e      0x42d hpl/usart/hpl_usart.o
 .debug_abbrev  0x00002e7b      0x2e6 main.o
 .debug_abbrev  0x00003161      0x1ef stdio_redirect/gcc/read.o
 .debug_abbrev  0x00003350      0x1ef stdio_redirect/gcc/write.o
 .debug_abbrev  0x0000353f      0x230 stdio_redirect/stdio_io.o
 .debug_abbrev  0x0000376f      0x1f9 stdio_start.o

.debug_loc      0x00000000     0x8aaa
 .debug_loc     0x00000000       0x20 atmel_start.o
 .debug_loc     0x00000020       0x78 Device_Startup/startup_same70q21b.o
 .debug_loc     0x00000098     0x1527 driver_init.o
 .debug_loc     0x000015bf      0x85b hal/src/hal_adc_sync.o
 .debug_loc     0x00001e1a       0x13 hal/src/hal_atomic.o
 .debug_loc     0x00001e2d       0xc3 hal/src/hal_delay.o
 .debug_loc     0x00001ef0      0x361 hal/src/hal_ext_irq.o
 .debug_loc     0x00002251      0x132 hal/src/hal_io.o
 .debug_loc     0x00002383      0x39c hal/src/hal_pwm.o
 .debug_loc     0x0000271f      0x8b2 hal/src/hal_usart_sync.o
 .debug_loc     0x00002fd1      0x13b hal/utils/src/utils_syscalls.o
 .debug_loc     0x0000310c     0x123d hpl/afec/hpl_afec.o
 .debug_loc     0x00004349      0x23a hpl/core/hpl_core_m7_base.o
 .debug_loc     0x00004583       0x77 hpl/core/hpl_init.o
 .debug_loc     0x000045fa      0xc5b hpl/mcan/hpl_mcan.o
 .debug_loc     0x00005255      0x66f hpl/pio/hpl_pio_ext.o
 .debug_loc     0x000058c4      0x204 hpl/pmc/hpl_pmc.o
 .debug_loc     0x00005ac8      0xaf4 hpl/pwm/hpl_pwm.o
 .debug_loc     0x000065bc      0x127 hpl/systick/hpl_systick_ARMv7_base.o
 .debug_loc     0x000066e3     0x1f4a hpl/usart/hpl_usart.o
 .debug_loc     0x0000862d       0xc6 main.o
 .debug_loc     0x000086f3       0xff stdio_redirect/gcc/read.o
 .debug_loc     0x000087f2       0xf3 stdio_redirect/gcc/write.o
 .debug_loc     0x000088e5      0x185 stdio_redirect/stdio_io.o
 .debug_loc     0x00008a6a       0x40 stdio_start.o

.debug_aranges  0x00000000      0xa70
 .debug_aranges
                0x00000000       0x20 atmel_start.o
 .debug_aranges
                0x00000020       0x28 Device_Startup/startup_same70q21b.o
 .debug_aranges
                0x00000048       0xc8 driver_init.o
 .debug_aranges
                0x00000110       0x98 hal/src/hal_adc_sync.o
 .debug_aranges
                0x000001a8       0x30 hal/src/hal_atomic.o
 .debug_aranges
                0x000001d8       0x38 hal/src/hal_delay.o
 .debug_aranges
                0x00000210       0x50 hal/src/hal_ext_irq.o
 .debug_aranges
                0x00000260       0x30 hal/src/hal_io.o
 .debug_aranges
                0x00000290       0x60 hal/src/hal_pwm.o
 .debug_aranges
                0x000002f0       0xa8 hal/src/hal_usart_sync.o
 .debug_aranges
                0x00000398       0x20 hal/utils/src/utils_assert.o
 .debug_aranges
                0x000003b8       0x60 hal/utils/src/utils_syscalls.o
 .debug_aranges
                0x00000418      0x150 hpl/afec/hpl_afec.o
 .debug_aranges
                0x00000568       0x70 hpl/core/hpl_core_m7_base.o
 .debug_aranges
                0x000005d8       0x20 hpl/core/hpl_init.o
 .debug_aranges
                0x000005f8       0x80 hpl/mcan/hpl_mcan.o
 .debug_aranges
                0x00000678       0x68 hpl/pio/hpl_pio_ext.o
 .debug_aranges
                0x000006e0       0x30 hpl/pmc/hpl_pmc.o
 .debug_aranges
                0x00000710       0x90 hpl/pwm/hpl_pwm.o
 .debug_aranges
                0x000007a0       0x48 hpl/systick/hpl_systick_ARMv7_base.o
 .debug_aranges
                0x000007e8      0x1c8 hpl/usart/hpl_usart.o
 .debug_aranges
                0x000009b0       0x20 main.o
 .debug_aranges
                0x000009d0       0x20 stdio_redirect/gcc/read.o
 .debug_aranges
                0x000009f0       0x20 stdio_redirect/gcc/write.o
 .debug_aranges
                0x00000a10       0x38 stdio_redirect/stdio_io.o
 .debug_aranges
                0x00000a48       0x28 stdio_start.o

.debug_ranges   0x00000000      0x8e8
 .debug_ranges  0x00000000       0x10 atmel_start.o
 .debug_ranges  0x00000010       0x18 Device_Startup/startup_same70q21b.o
 .debug_ranges  0x00000028       0xb8 driver_init.o
 .debug_ranges  0x000000e0       0xa0 hal/src/hal_adc_sync.o
 .debug_ranges  0x00000180       0x20 hal/src/hal_atomic.o
 .debug_ranges  0x000001a0       0x28 hal/src/hal_delay.o
 .debug_ranges  0x000001c8       0x40 hal/src/hal_ext_irq.o
 .debug_ranges  0x00000208       0x20 hal/src/hal_io.o
 .debug_ranges  0x00000228       0x50 hal/src/hal_pwm.o
 .debug_ranges  0x00000278       0x98 hal/src/hal_usart_sync.o
 .debug_ranges  0x00000310       0x10 hal/utils/src/utils_assert.o
 .debug_ranges  0x00000320       0x50 hal/utils/src/utils_syscalls.o
 .debug_ranges  0x00000370      0x140 hpl/afec/hpl_afec.o
 .debug_ranges  0x000004b0       0x60 hpl/core/hpl_core_m7_base.o
 .debug_ranges  0x00000510       0x10 hpl/core/hpl_init.o
 .debug_ranges  0x00000520       0x70 hpl/mcan/hpl_mcan.o
 .debug_ranges  0x00000590       0x58 hpl/pio/hpl_pio_ext.o
 .debug_ranges  0x000005e8       0x20 hpl/pmc/hpl_pmc.o
 .debug_ranges  0x00000608       0x80 hpl/pwm/hpl_pwm.o
 .debug_ranges  0x00000688       0x38 hpl/systick/hpl_systick_ARMv7_base.o
 .debug_ranges  0x000006c0      0x1b8 hpl/usart/hpl_usart.o
 .debug_ranges  0x00000878       0x10 main.o
 .debug_ranges  0x00000888       0x10 stdio_redirect/gcc/read.o
 .debug_ranges  0x00000898       0x10 stdio_redirect/gcc/write.o
 .debug_ranges  0x000008a8       0x28 stdio_redirect/stdio_io.o
 .debug_ranges  0x000008d0       0x18 stdio_start.o

.debug_macro    0x00000000    0x42f37
 .debug_macro   0x00000000      0x912 atmel_start.o
 .debug_macro   0x00000912      0x8bc atmel_start.o
 .debug_macro   0x000011ce      0x16d atmel_start.o
 .debug_macro   0x0000133b       0x22 atmel_start.o
 .debug_macro   0x0000135d       0x87 atmel_start.o
 .debug_macro   0x000013e4       0x51 atmel_start.o
 .debug_macro   0x00001435       0xef atmel_start.o
 .debug_macro   0x00001524       0x6a atmel_start.o
 .debug_macro   0x0000158e      0x1df atmel_start.o
 .debug_macro   0x0000176d       0x22 atmel_start.o
 .debug_macro   0x0000178f       0xd7 atmel_start.o
 .debug_macro   0x00001866       0x1c atmel_start.o
 .debug_macro   0x00001882       0x22 atmel_start.o
 .debug_macro   0x000018a4       0xdf atmel_start.o
 .debug_macro   0x00001983     0x1295 atmel_start.o
 .debug_macro   0x00002c18       0xe2 atmel_start.o
 .debug_macro   0x00002cfa       0x19 atmel_start.o
 .debug_macro   0x00002d13      0x3e2 atmel_start.o
 .debug_macro   0x000030f5      0x5a9 atmel_start.o
 .debug_macro   0x0000369e     0x1797 atmel_start.o
 .debug_macro   0x00004e35      0x3bb atmel_start.o
 .debug_macro   0x000051f0      0x830 atmel_start.o
 .debug_macro   0x00005a20      0x316 atmel_start.o
 .debug_macro   0x00005d36     0x269d atmel_start.o
 .debug_macro   0x000083d3       0x40 atmel_start.o
 .debug_macro   0x00008413     0x105e atmel_start.o
 .debug_macro   0x00009471      0x60b atmel_start.o
 .debug_macro   0x00009a7c      0x555 atmel_start.o
 .debug_macro   0x00009fd1      0xb8f atmel_start.o
 .debug_macro   0x0000ab60      0x602 atmel_start.o
 .debug_macro   0x0000b162     0x3ac9 atmel_start.o
 .debug_macro   0x0000ec2b     0x83ff atmel_start.o
 .debug_macro   0x0001702a     0x31db atmel_start.o
 .debug_macro   0x0001a205     0x24d0 atmel_start.o
 .debug_macro   0x0001c6d5      0x87f atmel_start.o
 .debug_macro   0x0001cf54      0x17d atmel_start.o
 .debug_macro   0x0001d0d1      0x118 atmel_start.o
 .debug_macro   0x0001d1e9      0x909 atmel_start.o
 .debug_macro   0x0001daf2      0x125 atmel_start.o
 .debug_macro   0x0001dc17      0x503 atmel_start.o
 .debug_macro   0x0001e11a      0x3e0 atmel_start.o
 .debug_macro   0x0001e4fa      0x709 atmel_start.o
 .debug_macro   0x0001ec03      0xb64 atmel_start.o
 .debug_macro   0x0001f767      0xf03 atmel_start.o
 .debug_macro   0x0002066a      0xff2 atmel_start.o
 .debug_macro   0x0002165c       0xa6 atmel_start.o
 .debug_macro   0x00021702      0x124 atmel_start.o
 .debug_macro   0x00021826      0xbc2 atmel_start.o
 .debug_macro   0x000223e8      0x5c5 atmel_start.o
 .debug_macro   0x000229ad     0x1afb atmel_start.o
 .debug_macro   0x000244a8      0x56f atmel_start.o
 .debug_macro   0x00024a17     0x41a7 atmel_start.o
 .debug_macro   0x00028bbe      0x3a1 atmel_start.o
 .debug_macro   0x00028f5f       0xc4 atmel_start.o
 .debug_macro   0x00029023      0x12d atmel_start.o
 .debug_macro   0x00029150     0x2a5f atmel_start.o
 .debug_macro   0x0002bbaf       0x7c atmel_start.o
 .debug_macro   0x0002bc2b      0x14e atmel_start.o
 .debug_macro   0x0002bd79       0xf4 atmel_start.o
 .debug_macro   0x0002be6d       0xf4 atmel_start.o
 .debug_macro   0x0002bf61       0x16 atmel_start.o
 .debug_macro   0x0002bf77       0x7c atmel_start.o
 .debug_macro   0x0002bff3       0x40 atmel_start.o
 .debug_macro   0x0002c033      0x623 atmel_start.o
 .debug_macro   0x0002c656       0x40 atmel_start.o
 .debug_macro   0x0002c696      0x7ce atmel_start.o
 .debug_macro   0x0002ce64       0x6a atmel_start.o
 .debug_macro   0x0002cece       0x6a atmel_start.o
 .debug_macro   0x0002cf38       0x88 atmel_start.o
 .debug_macro   0x0002cfc0       0xac atmel_start.o
 .debug_macro   0x0002d06c      0x142 atmel_start.o
 .debug_macro   0x0002d1ae      0x138 atmel_start.o
 .debug_macro   0x0002d2e6      0x138 atmel_start.o
 .debug_macro   0x0002d41e      0x187 atmel_start.o
 .debug_macro   0x0002d5a5      0x180 atmel_start.o
 .debug_macro   0x0002d725      0x180 atmel_start.o
 .debug_macro   0x0002d8a5      0x180 atmel_start.o
 .debug_macro   0x0002da25      0x180 atmel_start.o
 .debug_macro   0x0002dba5      0x121 atmel_start.o
 .debug_macro   0x0002dcc6      0x352 atmel_start.o
 .debug_macro   0x0002e018      0x352 atmel_start.o
 .debug_macro   0x0002e36a       0x82 atmel_start.o
 .debug_macro   0x0002e3ec       0x22 atmel_start.o
 .debug_macro   0x0002e40e       0x22 atmel_start.o
 .debug_macro   0x0002e430       0x58 atmel_start.o
 .debug_macro   0x0002e488       0x28 atmel_start.o
 .debug_macro   0x0002e4b0       0x64 atmel_start.o
 .debug_macro   0x0002e514       0x94 atmel_start.o
 .debug_macro   0x0002e5a8       0x7c atmel_start.o
 .debug_macro   0x0002e624       0x7c atmel_start.o
 .debug_macro   0x0002e6a0       0x8e atmel_start.o
 .debug_macro   0x0002e72e       0x34 atmel_start.o
 .debug_macro   0x0002e762      0x1a8 atmel_start.o
 .debug_macro   0x0002e90a      0x1a8 atmel_start.o
 .debug_macro   0x0002eab2      0x1a8 atmel_start.o
 .debug_macro   0x0002ec5a      0x1a8 atmel_start.o
 .debug_macro   0x0002ee02       0x3a atmel_start.o
 .debug_macro   0x0002ee3c       0x82 atmel_start.o
 .debug_macro   0x0002eebe       0x82 atmel_start.o
 .debug_macro   0x0002ef40       0x82 atmel_start.o
 .debug_macro   0x0002efc2       0x70 atmel_start.o
 .debug_macro   0x0002f032       0x70 atmel_start.o
 .debug_macro   0x0002f0a2       0x70 atmel_start.o
 .debug_macro   0x0002f112       0x70 atmel_start.o
 .debug_macro   0x0002f182       0x70 atmel_start.o
 .debug_macro   0x0002f1f2       0xf4 atmel_start.o
 .debug_macro   0x0002f2e6       0xf4 atmel_start.o
 .debug_macro   0x0002f3da       0xf4 atmel_start.o
 .debug_macro   0x0002f4ce      0x71f atmel_start.o
 .debug_macro   0x0002fbed       0x16 atmel_start.o
 .debug_macro   0x0002fc03       0x22 atmel_start.o
 .debug_macro   0x0002fc25      0x9bf atmel_start.o
 .debug_macro   0x000305e4      0x583 atmel_start.o
 .debug_macro   0x00030b67     0x283a atmel_start.o
 .debug_macro   0x000333a1      0x169 atmel_start.o
 .debug_macro   0x0003350a       0x10 atmel_start.o
 .debug_macro   0x0003351a       0x10 atmel_start.o
 .debug_macro   0x0003352a       0x16 atmel_start.o
 .debug_macro   0x00033540       0x16 atmel_start.o
 .debug_macro   0x00033556       0x16 atmel_start.o
 .debug_macro   0x0003356c       0x16 atmel_start.o
 .debug_macro   0x00033582       0x16 atmel_start.o
 .debug_macro   0x00033598       0x16 atmel_start.o
 .debug_macro   0x000335ae       0x16 atmel_start.o
 .debug_macro   0x000335c4       0x16 atmel_start.o
 .debug_macro   0x000335da       0x16 atmel_start.o
 .debug_macro   0x000335f0       0x16 atmel_start.o
 .debug_macro   0x00033606       0x16 atmel_start.o
 .debug_macro   0x0003361c       0x16 atmel_start.o
 .debug_macro   0x00033632       0x16 atmel_start.o
 .debug_macro   0x00033648       0x16 atmel_start.o
 .debug_macro   0x0003365e       0x16 atmel_start.o
 .debug_macro   0x00033674       0x16 atmel_start.o
 .debug_macro   0x0003368a       0x16 atmel_start.o
 .debug_macro   0x000336a0       0x16 atmel_start.o
 .debug_macro   0x000336b6       0x16 atmel_start.o
 .debug_macro   0x000336cc       0x16 atmel_start.o
 .debug_macro   0x000336e2       0x16 atmel_start.o
 .debug_macro   0x000336f8       0x16 atmel_start.o
 .debug_macro   0x0003370e       0x16 atmel_start.o
 .debug_macro   0x00033724       0x16 atmel_start.o
 .debug_macro   0x0003373a       0x16 atmel_start.o
 .debug_macro   0x00033750       0x16 atmel_start.o
 .debug_macro   0x00033766      0x27e atmel_start.o
 .debug_macro   0x000339e4       0x16 atmel_start.o
 .debug_macro   0x000339fa       0x16 atmel_start.o
 .debug_macro   0x00033a10       0x16 atmel_start.o
 .debug_macro   0x00033a26      0x373 atmel_start.o
 .debug_macro   0x00033d99       0xa9 atmel_start.o
 .debug_macro   0x00033e42       0x16 atmel_start.o
 .debug_macro   0x00033e58       0x16 atmel_start.o
 .debug_macro   0x00033e6e       0x16 atmel_start.o
 .debug_macro   0x00033e84       0xca atmel_start.o
 .debug_macro   0x00033f4e       0x1c atmel_start.o
 .debug_macro   0x00033f6a       0x16 atmel_start.o
 .debug_macro   0x00033f80       0xdc atmel_start.o
 .debug_macro   0x0003405c       0xc9 atmel_start.o
 .debug_macro   0x00034125       0x40 atmel_start.o
 .debug_macro   0x00034165       0x58 atmel_start.o
 .debug_macro   0x000341bd       0x35 atmel_start.o
 .debug_macro   0x000341f2       0x9c atmel_start.o
 .debug_macro   0x0003428e       0x16 atmel_start.o
 .debug_macro   0x000342a4       0x35 atmel_start.o
 .debug_macro   0x000342d9      0x34d atmel_start.o
 .debug_macro   0x00034626       0x10 atmel_start.o
 .debug_macro   0x00034636       0x58 atmel_start.o
 .debug_macro   0x0003468e       0x1f atmel_start.o
 .debug_macro   0x000346ad       0x43 atmel_start.o
 .debug_macro   0x000346f0       0x20 atmel_start.o
 .debug_macro   0x00034710      0x187 atmel_start.o
 .debug_macro   0x00034897       0x10 atmel_start.o
 .debug_macro   0x000348a7       0x1c atmel_start.o
 .debug_macro   0x000348c3       0x52 atmel_start.o
 .debug_macro   0x00034915       0x40 atmel_start.o
 .debug_macro   0x00034955       0x10 atmel_start.o
 .debug_macro   0x00034965       0x40 atmel_start.o
 .debug_macro   0x000349a5       0xd7 atmel_start.o
 .debug_macro   0x00034a7c       0x16 atmel_start.o
 .debug_macro   0x00034a92      0x18b atmel_start.o
 .debug_macro   0x00034c1d      0x488 Device_Startup/startup_same70q21b.o
 .debug_macro   0x000350a5       0xd1 Device_Startup/startup_same70q21b.o
 .debug_macro   0x00035176      0x7d4 driver_init.o
 .debug_macro   0x0003594a       0x10 driver_init.o
 .debug_macro   0x0003595a       0x81 driver_init.o
 .debug_macro   0x000359db      0x681 hal/src/hal_adc_sync.o
 .debug_macro   0x0003605c      0x649 hal/src/hal_atomic.o
 .debug_macro   0x000366a5      0x680 hal/src/hal_delay.o
 .debug_macro   0x00036d25      0x665 hal/src/hal_ext_irq.o
 .debug_macro   0x0003738a      0x65e hal/src/hal_io.o
 .debug_macro   0x000379e8      0x67e hal/src/hal_pwm.o
 .debug_macro   0x00038066      0x689 hal/src/hal_usart_sync.o
 .debug_macro   0x000386ef      0x653 hal/utils/src/utils_assert.o
 .debug_macro   0x00038d42      0x1d6 hal/utils/src/utils_syscalls.o
 .debug_macro   0x00038f18       0x52 hal/utils/src/utils_syscalls.o
 .debug_macro   0x00038f6a       0x8d hal/utils/src/utils_syscalls.o
 .debug_macro   0x00038ff7       0x57 hal/utils/src/utils_syscalls.o
 .debug_macro   0x0003904e       0x97 hal/utils/src/utils_syscalls.o
 .debug_macro   0x000390e5      0x353 hal/utils/src/utils_syscalls.o
 .debug_macro   0x00039438       0xf6 hal/utils/src/utils_syscalls.o
 .debug_macro   0x0003952e       0x4c hal/utils/src/utils_syscalls.o
 .debug_macro   0x0003957a       0x16 hal/utils/src/utils_syscalls.o
 .debug_macro   0x00039590       0x10 hal/utils/src/utils_syscalls.o
 .debug_macro   0x000395a0       0x10 hal/utils/src/utils_syscalls.o
 .debug_macro   0x000395b0       0x35 hal/utils/src/utils_syscalls.o
 .debug_macro   0x000395e5      0x122 hal/utils/src/utils_syscalls.o
 .debug_macro   0x00039707      0x6ae hpl/afec/hpl_afec.o
 .debug_macro   0x00039db5      0x6cc hpl/afec/hpl_afec.o
 .debug_macro   0x0003a481      0x6ba hpl/afec/hpl_afec.o
 .debug_macro   0x0003ab3b      0x603 hpl/afec/hpl_afec.o
 .debug_macro   0x0003b13e      0x6a9 hpl/core/hpl_core_m7_base.o
 .debug_macro   0x0003b7e7      0x6c1 hpl/core/hpl_init.o
 .debug_macro   0x0003bea8      0x324 hpl/core/hpl_init.o
 .debug_macro   0x0003c1cc      0x9df hpl/core/hpl_init.o
 .debug_macro   0x0003cbab      0x758 hpl/mcan/hpl_mcan.o
 .debug_macro   0x0003d303      0x160 hpl/mcan/hpl_mcan.o
 .debug_macro   0x0003d463       0x9e hpl/mcan/hpl_mcan.o
 .debug_macro   0x0003d501      0x6a3 hpl/pio/hpl_pio_ext.o
 .debug_macro   0x0003dba4      0x3df hpl/pio/hpl_pio_ext.o
 .debug_macro   0x0003df83      0x672 hpl/pmc/hpl_pmc.o
 .debug_macro   0x0003e5f5      0x6b1 hpl/pwm/hpl_pwm.o
 .debug_macro   0x0003eca6      0xab1 hpl/pwm/hpl_pwm.o
 .debug_macro   0x0003f757      0x658 hpl/systick/hpl_systick_ARMv7_base.o
 .debug_macro   0x0003fdaf       0x10 hpl/systick/hpl_systick_ARMv7_base.o
 .debug_macro   0x0003fdbf      0x6b9 hpl/usart/hpl_usart.o
 .debug_macro   0x00040478       0x9f hpl/usart/hpl_usart.o
 .debug_macro   0x00040517      0x911 main.o
 .debug_macro   0x00040e28      0x7b9 stdio_redirect/gcc/read.o
 .debug_macro   0x000415e1      0x7b9 stdio_redirect/gcc/write.o
 .debug_macro   0x00041d9a      0x7b2 stdio_redirect/stdio_io.o
 .debug_macro   0x0004254c       0xd9 stdio_redirect/stdio_io.o
 .debug_macro   0x00042625      0x912 stdio_start.o

.debug_line     0x00000000    0x16397
 .debug_line    0x00000000      0xf33 atmel_start.o
 .debug_line    0x00000f33      0x8e9 Device_Startup/startup_same70q21b.o
 .debug_line    0x0000181c     0x11ae driver_init.o
 .debug_line    0x000029ca      0xda4 hal/src/hal_adc_sync.o
 .debug_line    0x0000376e      0xc4f hal/src/hal_atomic.o
 .debug_line    0x000043bd      0xc83 hal/src/hal_delay.o
 .debug_line    0x00005040      0xcf9 hal/src/hal_ext_irq.o
 .debug_line    0x00005d39      0xc47 hal/src/hal_io.o
 .debug_line    0x00006980      0xcf5 hal/src/hal_pwm.o
 .debug_line    0x00007675      0xdf0 hal/src/hal_usart_sync.o
 .debug_line    0x00008465      0xc24 hal/utils/src/utils_assert.o
 .debug_line    0x00009089      0x3fc hal/utils/src/utils_syscalls.o
 .debug_line    0x00009485     0x11f8 hpl/afec/hpl_afec.o
 .debug_line    0x0000a67d      0xdab hpl/core/hpl_core_m7_base.o
 .debug_line    0x0000b428      0xd0a hpl/core/hpl_init.o
 .debug_line    0x0000c132     0x110a hpl/mcan/hpl_mcan.o
 .debug_line    0x0000d23c      0xe3e hpl/pio/hpl_pio_ext.o
 .debug_line    0x0000e07a      0xd15 hpl/pmc/hpl_pmc.o
 .debug_line    0x0000ed8f      0xfb0 hpl/pwm/hpl_pwm.o
 .debug_line    0x0000fd3f      0xcbe hpl/systick/hpl_systick_ARMv7_base.o
 .debug_line    0x000109fd     0x12fa hpl/usart/hpl_usart.o
 .debug_line    0x00011cf7      0xf58 main.o
 .debug_line    0x00012c4f      0xd4f stdio_redirect/gcc/read.o
 .debug_line    0x0001399e      0xd50 stdio_redirect/gcc/write.o
 .debug_line    0x000146ee      0xd70 stdio_redirect/stdio_io.o
 .debug_line    0x0001545e      0xf39 stdio_start.o

.debug_str      0x00000000   0x152256
 .debug_str     0x00000000   0x1353df atmel_start.o
                             0x135e27 (size before relaxing)
 .debug_str     0x001353df      0x78b Device_Startup/startup_same70q21b.o
                             0x12bce0 (size before relaxing)
 .debug_str     0x00135b6a     0x1343 driver_init.o
                             0x133396 (size before relaxing)
 .debug_str     0x00136ead      0x403 hal/src/hal_adc_sync.o
                             0x13162f (size before relaxing)
 .debug_str     0x001372b0       0x9c hal/src/hal_atomic.o
                             0x131043 (size before relaxing)
 .debug_str     0x0013734c       0x9b hal/src/hal_delay.o
                             0x1310ad (size before relaxing)
 .debug_str     0x001373e7       0xd6 hal/src/hal_ext_irq.o
                             0x131100 (size before relaxing)
 .debug_str     0x001374bd       0x2c hal/src/hal_io.o
                             0x1310de (size before relaxing)
 .debug_str     0x001374e9      0x185 hal/src/hal_pwm.o
                             0x1317ce (size before relaxing)
 .debug_str     0x0013766e      0x4aa hal/src/hal_usart_sync.o
                             0x131b7e (size before relaxing)
 .debug_str     0x00137b18       0x2a hal/utils/src/utils_assert.o
                             0x131053 (size before relaxing)
 .debug_str     0x00137b42      0x767 hal/utils/src/utils_syscalls.o
                               0x73e4 (size before relaxing)
 .debug_str     0x001382a9     0x86d5 hpl/afec/hpl_afec.o
                             0x13a174 (size before relaxing)
 .debug_str     0x0014097e      0x1ce hpl/core/hpl_core_m7_base.o
                             0x131f59 (size before relaxing)
 .debug_str     0x00140b4c     0x3073 hpl/core/hpl_init.o
                             0x134594 (size before relaxing)
 .debug_str     0x00143bbf     0x1497 hpl/mcan/hpl_mcan.o
                             0x135dd2 (size before relaxing)
 .debug_str     0x00145056     0x5a12 hpl/pio/hpl_pio_ext.o
                             0x13768b (size before relaxing)
 .debug_str     0x0014aa68      0x1d6 hpl/pmc/hpl_pmc.o
                             0x1321c4 (size before relaxing)
 .debug_str     0x0014ac3e     0x61ce hpl/pwm/hpl_pwm.o
                             0x1381f3 (size before relaxing)
 .debug_str     0x00150e0c       0xde hpl/systick/hpl_systick_ARMv7_base.o
                             0x1310ac (size before relaxing)
 .debug_str     0x00150eea     0x1291 hpl/usart/hpl_usart.o
                             0x1333de (size before relaxing)
 .debug_str     0x0015217b        0xc main.o
                             0x136160 (size before relaxing)
 .debug_str     0x00152187       0x2b stdio_redirect/gcc/read.o
                             0x134e00 (size before relaxing)
 .debug_str     0x001521b2       0x2d stdio_redirect/gcc/write.o
                             0x134e02 (size before relaxing)
 .debug_str     0x001521df       0x4b stdio_redirect/stdio_io.o
                             0x134e89 (size before relaxing)
 .debug_str     0x0015222a       0x2c stdio_start.o
                             0x135e4b (size before relaxing)

.debug_frame    0x00000000     0x26fc
 .debug_frame   0x00000000       0x28 atmel_start.o
 .debug_frame   0x00000028       0x38 Device_Startup/startup_same70q21b.o
 .debug_frame   0x00000060      0x1b0 driver_init.o
 .debug_frame   0x00000210      0x1cc hal/src/hal_adc_sync.o
 .debug_frame   0x000003dc       0x40 hal/src/hal_atomic.o
 .debug_frame   0x0000041c       0x68 hal/src/hal_delay.o
 .debug_frame   0x00000484       0xc4 hal/src/hal_ext_irq.o
 .debug_frame   0x00000548       0x58 hal/src/hal_io.o
 .debug_frame   0x000005a0       0xec hal/src/hal_pwm.o
 .debug_frame   0x0000068c      0x1f0 hal/src/hal_usart_sync.o
 .debug_frame   0x0000087c       0x20 hal/utils/src/utils_assert.o
 .debug_frame   0x0000089c       0xa8 hal/utils/src/utils_syscalls.o
 .debug_frame   0x00000944      0x2f8 hpl/afec/hpl_afec.o
 .debug_frame   0x00000c3c       0xcc hpl/core/hpl_core_m7_base.o
 .debug_frame   0x00000d08       0x2c hpl/core/hpl_init.o
 .debug_frame   0x00000d34      0x154 hpl/mcan/hpl_mcan.o
 .debug_frame   0x00000e88      0x118 hpl/pio/hpl_pio_ext.o
 .debug_frame   0x00000fa0       0x48 hpl/pmc/hpl_pmc.o
 .debug_frame   0x00000fe8      0x17c hpl/pwm/hpl_pwm.o
 .debug_frame   0x00001164       0x78 hpl/systick/hpl_systick_ARMv7_base.o
 .debug_frame   0x000011dc      0x594 hpl/usart/hpl_usart.o
 .debug_frame   0x00001770       0x28 main.o
 .debug_frame   0x00001798       0x2c stdio_redirect/gcc/read.o
 .debug_frame   0x000017c4       0x2c stdio_redirect/gcc/write.o
 .debug_frame   0x000017f0       0x6c stdio_redirect/stdio_io.o
 .debug_frame   0x0000185c       0x40 stdio_start.o
 .debug_frame   0x0000189c       0x2c c:/program files (x86)/atmel/studio/7.0/toolchain/arm/arm-gnu-toolchain/bin/../lib/gcc/arm-none-eabi/6.3.1/../../../../arm-none-eabi/lib/thumb/v7e-m\libc_nano.a(lib_a-init.o)